ARM Linker, 4.1 [Build 894] [Standard]

==============================================================================

Section Cross References

    main.o(i.AppTaskStart) refers to system_lpc17xx.o(i.SystemInit) for SystemInit
    main.o(i.AppTaskStart) refers to os_sem.o(i.OSSemCreate) for OSSemCreate
    main.o(i.AppTaskStart) refers to os_mbox.o(i.OSMboxCreate) for OSMboxCreate
    main.o(i.AppTaskStart) refers to clock-arch.o(i.clock_init) for clock_init
    main.o(i.AppTaskStart) refers to debug_frmwrk.o(i.debug_frmwrk_init) for debug_frmwrk_init
    main.o(i.AppTaskStart) refers to rtctime.o(i.RTCInit) for RTCInit
    main.o(i.AppTaskStart) refers to rtctime.o(i.RTCStart) for RTCStart
    main.o(i.AppTaskStart) refers to ledcontrol.o(i.key_init) for key_init
    main.o(i.AppTaskStart) refers to beep.o(i.BeepInit) for BeepInit
    main.o(i.AppTaskStart) refers to beep.o(i.BeepOff) for BeepOff
    main.o(i.AppTaskStart) refers to apprs485.o(i.Rs485Init) for Rs485Init
    main.o(i.AppTaskStart) refers to relay.o(i.InitRelay) for InitRelay
    main.o(i.AppTaskStart) refers to appsensor.o(i.SmokeAlarm) for SmokeAlarm
    main.o(i.AppTaskStart) refers to debug_frmwrk.o(i.my_printf) for my_printf
    main.o(i.AppTaskStart) refers to main.o(.data) for .data
    main.o(i.AppTaskStart) refers to debug_frmwrk.o(.data) for _db_msg_
    main.o(i.c_entry) refers to os_core.o(i.OSInit) for OSInit
    main.o(i.c_entry) refers to os_task.o(i.OSTaskCreate) for OSTaskCreate
    main.o(i.c_entry) refers to os_core.o(i.OSStart) for OSStart
    main.o(i.c_entry) refers to main.o(.bss) for .bss
    main.o(i.c_entry) refers to main.o(i.AppTaskStart) for AppTaskStart
    main.o(i.main) refers to main.o(i.c_entry) for c_entry
    appdebug.o(i.uip_log) refers to debug_frmwrk.o(.data) for _db_msg
    appserialcom.o(i.InitUart) refers to lpc17xx_pinsel.o(i.PINSEL_ConfigPin) for PINSEL_ConfigPin
    appserialcom.o(i.InitUart) refers to lpc17xx_uart.o(i.UART_ConfigStructInit) for UART_ConfigStructInit
    appserialcom.o(i.InitUart) refers to lpc17xx_uart.o(i.UART_Init) for UART_Init
    appserialcom.o(i.InitUart) refers to lpc17xx_uart.o(i.UART_FIFOConfigStructInit) for UART_FIFOConfigStructInit
    appserialcom.o(i.InitUart) refers to lpc17xx_uart.o(i.UART_FIFOConfig) for UART_FIFOConfig
    appserialcom.o(i.InitUart) refers to lpc17xx_uart.o(i.UART_TxCmd) for UART_TxCmd
    appserialcom.o(i.InitUart) refers to lpc17xx_uart.o(i.UART_IntConfig) for UART_IntConfig
    appserialcom.o(i.InitUart) refers to appserialcom.o(i.LED_init) for LED_init
    appserialcom.o(i.InitUart) refers to appserialcom.o(i.LED_On) for LED_On
    appserialcom.o(i.InitUart) refers to main.o(.bss) for bufRec
    appserialcom.o(i.LED_Off) refers to appserialcom.o(.constdata) for .constdata
    appserialcom.o(i.LED_On) refers to appserialcom.o(.constdata) for .constdata
    appserialcom.o(i.UART2_IRQHandler) refers to os_core.o(i.OSIntEnter) for OSIntEnter
    appserialcom.o(i.UART2_IRQHandler) refers to lpc17xx_uart.o(i.UART_GetIntId) for UART_GetIntId
    appserialcom.o(i.UART2_IRQHandler) refers to appserialcom.o(i.LED_On) for LED_On
    appserialcom.o(i.UART2_IRQHandler) refers to lpc17xx_uart.o(i.UART_GetLineStatus) for UART_GetLineStatus
    appserialcom.o(i.UART2_IRQHandler) refers to lpc17xx_uart.o(i.UART_Receive) for UART_Receive
    appserialcom.o(i.UART2_IRQHandler) refers to lpc17xx_uart.o(i.UART_Send) for UART_Send
    appserialcom.o(i.UART2_IRQHandler) refers to os_core.o(i.OSIntExit) for OSIntExit
    appserialcom.o(i.UART2_IRQHandler) refers to appserialcom.o(.bss) for .bss
    appserialcom.o(i.UART2_IRQHandler) refers to appserialcom.o(.data) for .data
    appserialcom.o(i.UartSend) refers to lpc17xx_uart.o(i.UART_Send) for UART_Send
    apptasknet.o(i.AppTaskNet) refers to timer.o(i.timer_set) for timer_set
    apptasknet.o(i.AppTaskNet) refers to os_sem.o(i.OSSemPend) for OSSemPend
    apptasknet.o(i.AppTaskNet) refers to uip.o(i.uip_init) for uip_init
    apptasknet.o(i.AppTaskNet) refers to uip_arp.o(i.uip_arp_init) for uip_arp_init
    apptasknet.o(i.AppTaskNet) refers to printf8.o(i.__0sprintf$8) for __2sprintf
    apptasknet.o(i.AppTaskNet) refers to clock-arch.o(i.clock_time) for clock_time
    apptasknet.o(i.AppTaskNet) refers to tcpapp.o(i.InitTCP) for InitTCP
    apptasknet.o(i.AppTaskNet) refers to emac.o(i.tapdev_read) for tapdev_read
    apptasknet.o(i.AppTaskNet) refers to uip.o(i.htons) for htons
    apptasknet.o(i.AppTaskNet) refers to uip_arp.o(i.uip_arp_ipin) for uip_arp_ipin
    apptasknet.o(i.AppTaskNet) refers to uip.o(i.uip_process) for uip_process
    apptasknet.o(i.AppTaskNet) refers to uip_arp.o(i.uip_arp_out) for uip_arp_out
    apptasknet.o(i.AppTaskNet) refers to uip_arp.o(i.uip_arp_arpin) for uip_arp_arpin
    apptasknet.o(i.AppTaskNet) refers to emac.o(i.tapdev_send) for tapdev_send
[...]
    Removing lpc17xx_adc.o(i.ADC_PowerdownCmd), (88 bytes).
    Removing lpc17xx_adc.o(i.ADC_StartCmd), (120 bytes).
    Removing fadd.o(.text), (176 bytes).
    Removing fmul.o(.text), (108 bytes).
    Removing dscalb.o(.text), (46 bytes).
    Removing fflti.o(.text), (18 bytes).
    Removing ffltui.o(.text), (10 bytes).
    Removing dfltui.o(.text), (26 bytes).
    Removing ffixi.o(.text), (50 bytes).
    Removing dfixi.o(.text), (62 bytes).
    Removing f2d.o(.text), (44 bytes).
    Removing d2f.o(.text), (56 bytes).
    Removing cfcmple.o(.text), (20 bytes).
    Removing cfrcmple.o(.text), (20 bytes).
    Removing fepilogue.o(.text), (108 bytes).

584 unused section(s) (total 82653 bytes) removed from the image.

==============================================================================

Image Symbol Table

    Local Symbols

    Symbol Name                              Value     Ov Type        Size  Object(Section)

    RESET                                    0x00000000   Section      204  startup_lpc17xx.o(RESET)
    ../../microlib/d2f.c                     0x00000000   Number         0  d2f.o ABSOLUTE
    ../../microlib/division.c                0x00000000   Number         0  uidiv.o ABSOLUTE
    ../../microlib/division.c                0x00000000   Number         0  uldiv.o ABSOLUTE
    ../../microlib/f2d.c                     0x00000000   Number         0  f2d.o ABSOLUTE
    ../../microlib/fpadd.c                   0x00000000   Number         0  dadd.o ABSOLUTE
    ../../microlib/fpadd.c                   0x00000000   Number         0  fadd.o ABSOLUTE
    ../../microlib/fpdiv.c                   0x00000000   Number         0  ddiv.o ABSOLUTE
    ../../microlib/fpepilogue.c              0x00000000   Number         0  depilogue.o ABSOLUTE
    ../../microlib/fpepilogue.c              0x00000000   Number         0  fepilogue.o ABSOLUTE
    ../../microlib/fpfix.c                   0x00000000   Number         0  ffixi.o ABSOLUTE
    ../../microlib/fpfix.c                   0x00000000   Number         0  dfixul.o ABSOLUTE
    ../../microlib/fpfix.c                   0x00000000   Number         0  dfixi.o ABSOLUTE
    ../../microlib/fpflt.c                   0x00000000   Number         0  dfltui.o ABSOLUTE
    ../../microlib/fpflt.c                   0x00000000   Number         0  ffltui.o ABSOLUTE
    ../../microlib/fpflt.c                   0x00000000   Number         0  fflti.o ABSOLUTE
    ../../microlib/fpmul.c                   0x00000000   Number         0  fmul.o ABSOLUTE
    ../../microlib/fpmul.c                   0x00000000   Number         0  dmul.o ABSOLUTE
    ../../microlib/fpscalb.c                 0x00000000   Number         0  dscalb.o ABSOLUTE
    ../../microlib/init/entry.s              0x00000000   Number         0  entry.o ABSOLUTE
    ../../microlib/init/entry.s              0x00000000   Number         0  entry2.o ABSOLUTE
    ../../microlib/init/entry.s              0x00000000   Number         0  entry7b.o ABSOLUTE
    ../../microlib/init/entry.s              0x00000000   Number         0  entry7a.o ABSOLUTE
    ../../microlib/init/entry.s              0x00000000   Number         0  entry8.o ABSOLUTE
    ../../microlib/init/entry.s              0x00000000   Number         0  entry5.o ABSOLUTE
    ../../microlib/longlong.c                0x00000000   Number         0  llshl.o ABSOLUTE
    ../../microlib/longlong.c                0x00000000   Number         0  llushr.o ABSOLUTE
    ../../microlib/longlong.c                0x00000000   Number         0  llsshr.o ABSOLUTE
    ../../microlib/printf/printf.c           0x00000000   Number         0  printf7.o ABSOLUTE
    ../../microlib/printf/printf.c           0x00000000   Number         0  printf8.o ABSOLUTE
    ../../microlib/printf/printf.c           0x00000000   Number         0  printf1.o ABSOLUTE
    ../../microlib/printf/printf.c           0x00000000   Number         0  printf6.o ABSOLUTE
    ../../microlib/printf/printf.c           0x00000000   Number         0  printf5.o ABSOLUTE
    ../../microlib/printf/printf.c           0x00000000   Number         0  printfb.o ABSOLUTE
    ../../microlib/printf/printf.c           0x00000000   Number         0  printf0.o ABSOLUTE
    ../../microlib/printf/printf.c           0x00000000   Number         0  printf2.o ABSOLUTE
    ../../microlib/printf/printf.c           0x00000000   Number         0  printf3.o ABSOLUTE
    ../../microlib/printf/printf.c           0x00000000   Number         0  printf4.o ABSOLUTE
    ../../microlib/printf/printf.c           0x00000000   Number         0  printfa.o ABSOLUTE
    ../../microlib/printf/stubs.s            0x00000000   Number         0  stubs.o ABSOLUTE
    ../../microlib/stdio/fputc.c             0x00000000   Number         0  fputc.o ABSOLUTE
    ../../microlib/stdio/semi.s              0x00000000   Number         0  semi.o ABSOLUTE
    ../../microlib/stdio/streams.c           0x00000000   Number         0  stdout.o ABSOLUTE
    ../../microlib/string/memcpy.c           0x00000000   Number         0  memcpya.o ABSOLUTE
    ../../microlib/string/memcpy.c           0x00000000   Number         0  memcpyb.o ABSOLUTE
    ../../microlib/string/memset.c           0x00000000   Number         0  memseta.o ABSOLUTE
    ../../microlib/stubs.s                   0x00000000   Number         0  iusefp.o ABSOLUTE
    ../../microlib/stubs.s                   0x00000000   Number         0  iusesemip.o ABSOLUTE
    ..\NXPLibraries\CMSIS\CM3\CoreSupport\core_cm3.c 0x00000000   Number         0  core_cm3.o ABSOLUTE
    ..\NXPLibraries\CMSIS\CM3\DeviceSupport\NXP\LPC17xx\startup\arm\startup_LPC17xx.s 0x00000000   Number         0  startup_lpc17xx.o ABSOLUTE
    ..\NXPLibraries\CMSIS\CM3\DeviceSupport\NXP\LPC17xx\system_LPC17xx.c 0x00000000   Number         0  system_lpc17xx.o ABSOLUTE
    ..\NXPLibraries\source\debug_frmwrk.c    0x00000000   Number         0  debug_frmwrk.o ABSOLUTE
    ..\NXPLibraries\source\lpc17xx_adc.c     0x00000000   Number         0  lpc17xx_adc.o ABSOLUTE
    ..\NXPLibraries\source\lpc17xx_clkpwr.c  0x00000000   Number         0  lpc17xx_clkpwr.o ABSOLUTE
    ..\NXPLibraries\source\lpc17xx_emac.c    0x00000000   Number         0  lpc17xx_emac.o ABSOLUTE
    ..\NXPLibraries\source\lpc17xx_gpio.c    0x00000000   Number         0  lpc17xx_gpio.o ABSOLUTE
    ..\NXPLibraries\source\lpc17xx_i2c.c     0x00000000   Number         0  lpc17xx_i2c.o ABSOLUTE
    ..\NXPLibraries\source\lpc17xx_pinsel.c  0x00000000   Number         0  lpc17xx_pinsel.o ABSOLUTE
    ..\NXPLibraries\source\lpc17xx_rtc.c     0x00000000   Number         0  lpc17xx_rtc.o ABSOLUTE
    ..\NXPLibraries\source\lpc17xx_systick.c 0x00000000   Number         0  lpc17xx_systick.o ABSOLUTE
    ..\NXPLibraries\source\lpc17xx_timer.c   0x00000000   Number         0  lpc17xx_timer.o ABSOLUTE
    ..\NXPLibraries\source\lpc17xx_uart.c    0x00000000   Number         0  lpc17xx_uart.o ABSOLUTE
    ..\NXPLibraries\source\lpc17xx_wdt.c     0x00000000   Number         0  lpc17xx_wdt.o ABSOLUTE
    ..\UCOS\uC-CONF\OS_AppHooks.c            0x00000000   Number         0  os_apphooks.o ABSOLUTE
    ..\UCOS\uCOS-II\Ports\ARM-Cortex-M3\RealView\os_cpu_a.asm 0x00000000   Number         0  os_cpu_a.o ABSOLUTE
    ..\UCOS\uCOS-II\Ports\ARM-Cortex-M3\RealView\os_cpu_c.c 0x00000000   Number         0  os_cpu_c.o ABSOLUTE
    ..\UCOS\uCOS-II\Ports\ARM-Cortex-M3\RealView\os_dbg.c 0x00000000   Number         0  os_dbg.o ABSOLUTE
    ..\UCOS\uCOS-II\Source\os_core.c         0x00000000   Number         0  os_core.o ABSOLUTE
    ..\UCOS\uCOS-II\Source\os_flag.c         0x00000000   Number         0  os_flag.o ABSOLUTE
    ..\UCOS\uCOS-II\Source\os_mbox.c         0x00000000   Number         0  os_mbox.o ABSOLUTE
    ..\UCOS\uCOS-II\Source\os_mem.c          0x00000000   Number         0  os_mem.o ABSOLUTE
    ..\UCOS\uCOS-II\Source\os_mutex.c        0x00000000   Number         0  os_mutex.o ABSOLUTE
    ..\UCOS\uCOS-II\Source\os_q.c            0x00000000   Number         0  os_q.o ABSOLUTE
    ..\UCOS\uCOS-II\Source\os_sem.c          0x00000000   Number         0  os_sem.o ABSOLUTE
    ..\UCOS\uCOS-II\Source\os_task.c         0x00000000   Number         0  os_task.o ABSOLUTE
    ..\UCOS\uCOS-II\Source\os_time.c         0x00000000   Number         0  os_time.o ABSOLUTE
    ..\UCOS\uCOS-II\Source\os_tmr.c          0x00000000   Number         0  os_tmr.o ABSOLUTE
    ..\USER\App.c                            0x00000000   Number         0  app.o ABSOLUTE
    ..\USER\AppDebug.c                       0x00000000   Number         0  appdebug.o ABSOLUTE
    ..\USER\AppPersist.c                     0x00000000   Number         0  apppersist.o ABSOLUTE
    ..\USER\AppRs485.c                       0x00000000   Number         0  apprs485.o ABSOLUTE
    ..\USER\AppSampleUtils.c                 0x00000000   Number         0  appsampleutils.o ABSOLUTE
    ..\USER\AppSensor.c                      0x00000000   Number         0  appsensor.o ABSOLUTE
    ..\USER\AppSerialCom.c                   0x00000000   Number         0  appserialcom.o ABSOLUTE
    ..\USER\AppTaskKeyScan.c                 0x00000000   Number         0  apptaskkeyscan.o ABSOLUTE
    ..\USER\AppTaskLCDDisplay.c              0x00000000   Number         0  apptasklcddisplay.o ABSOLUTE
    ..\USER\AppTaskNet.c                     0x00000000   Number         0  apptasknet.o ABSOLUTE
    ..\USER\AppTaskNetCommand.c              0x00000000   Number         0  apptasknetcommand.o ABSOLUTE
    ..\USER\AppTaskNetInit.c                 0x00000000   Number         0  apptasknetinit.o ABSOLUTE
    ..\USER\AppTaskSample.c                  0x00000000   Number         0  apptasksample.o ABSOLUTE
    ..\USER\Beep.c                           0x00000000   Number         0  beep.o ABSOLUTE
    ..\USER\HexToAsccii.c                    0x00000000   Number         0  hextoasccii.o ABSOLUTE
    ..\USER\IAP.c                            0x00000000   Number         0  iap.o ABSOLUTE
    ..\USER\Initializer.c                    0x00000000   Number         0  initializer.o ABSOLUTE
    ..\USER\LCDAscii.c                       0x00000000   Number         0  lcdascii.o ABSOLUTE
    ..\USER\LEDControl.c                     0x00000000   Number         0  ledcontrol.o ABSOLUTE
    ..\USER\LM75A.c                          0x00000000   Number         0  lm75a.o ABSOLUTE
    ..\USER\Menus.c                          0x00000000   Number         0  menus.o ABSOLUTE
    ..\USER\PacketAnalysis.c                 0x00000000   Number         0  packetanalysis.o ABSOLUTE
    ..\USER\RTCTime.c                        0x00000000   Number         0  rtctime.o ABSOLUTE
    ..\USER\Relay.c                          0x00000000   Number         0  relay.o ABSOLUTE
    ..\USER\TcpApp.c                         0x00000000   Number         0  tcpapp.o ABSOLUTE
    ..\USER\TemSensor.c                      0x00000000   Number         0  temsensor.o ABSOLUTE
    ..\USER\main.c                           0x00000000   Number         0  main.o ABSOLUTE
    ..\\NXPLibraries\\CMSIS\\CM3\\DeviceSupport\\NXP\\LPC17xx\\system_LPC17xx.c 0x00000000   Number         0  system_lpc17xx.o ABSOLUTE
    ..\\NXPLibraries\\source\\debug_frmwrk.c 0x00000000   Number         0  debug_frmwrk.o ABSOLUTE
    ..\\NXPLibraries\\source\\lpc17xx_adc.c  0x00000000   Number         0  lpc17xx_adc.o ABSOLUTE
    ..\\NXPLibraries\\source\\lpc17xx_clkpwr.c 0x00000000   Number         0  lpc17xx_clkpwr.o ABSOLUTE
    ..\\NXPLibraries\\source\\lpc17xx_emac.c 0x00000000   Number         0  lpc17xx_emac.o ABSOLUTE
    ..\\NXPLibraries\\source\\lpc17xx_gpio.c 0x00000000   Number         0  lpc17xx_gpio.o ABSOLUTE
    ..\\NXPLibraries\\source\\lpc17xx_i2c.c  0x00000000   Number         0  lpc17xx_i2c.o ABSOLUTE
    ..\\NXPLibraries\\source\\lpc17xx_pinsel.c 0x00000000   Number         0  lpc17xx_pinsel.o ABSOLUTE
    ..\\NXPLibraries\\source\\lpc17xx_rtc.c  0x00000000   Number         0  lpc17xx_rtc.o ABSOLUTE
    ..\\NXPLibraries\\source\\lpc17xx_systick.c 0x00000000   Number         0  lpc17xx_systick.o ABSOLUTE
    ..\\NXPLibraries\\source\\lpc17xx_timer.c 0x00000000   Number         0  lpc17xx_timer.o ABSOLUTE
    ..\\NXPLibraries\\source\\lpc17xx_uart.c 0x00000000   Number         0  lpc17xx_uart.o ABSOLUTE
    ..\\NXPLibraries\\source\\lpc17xx_wdt.c  0x00000000   Number         0  lpc17xx_wdt.o ABSOLUTE
    ..\\UCOS\\uC-CONF\\OS_AppHooks.c         0x00000000   Number         0  os_apphooks.o ABSOLUTE
    ..\\USER\\App.c                          0x00000000   Number         0  app.o ABSOLUTE
    ..\\USER\\AppDebug.c                     0x00000000   Number         0  appdebug.o ABSOLUTE
    ..\\USER\\AppPersist.c                   0x00000000   Number         0  apppersist.o ABSOLUTE
    ..\\USER\\AppRs485.c                     0x00000000   Number         0  apprs485.o ABSOLUTE
    ..\\USER\\AppSampleUtils.c               0x00000000   Number         0  appsampleutils.o ABSOLUTE
    ..\\USER\\AppSensor.c                    0x00000000   Number         0  appsensor.o ABSOLUTE
    ..\\USER\\AppSerialCom.c                 0x00000000   Number         0  appserialcom.o ABSOLUTE
    ..\\USER\\AppTaskKeyScan.c               0x00000000   Number         0  apptaskkeyscan.o ABSOLUTE
    ..\\USER\\AppTaskLCDDisplay.c            0x00000000   Number         0  apptasklcddisplay.o ABSOLUTE
    ..\\USER\\AppTaskNet.c                   0x00000000   Number         0  apptasknet.o ABSOLUTE
    ..\\USER\\AppTaskNetCommand.c            0x00000000   Number         0  apptasknetcommand.o ABSOLUTE
    ..\\USER\\AppTaskNetInit.c               0x00000000   Number         0  apptasknetinit.o ABSOLUTE
    ..\\USER\\AppTaskSample.c                0x00000000   Number         0  apptasksample.o ABSOLUTE
    ..\\USER\\Beep.c                         0x00000000   Number         0  beep.o ABSOLUTE
    ..\\USER\\HexToAsccii.c                  0x00000000   Number         0  hextoasccii.o ABSOLUTE
    ..\\USER\\IAP.c                          0x00000000   Number         0  iap.o ABSOLUTE
    ..\\USER\\Initializer.c                  0x00000000   Number         0  initializer.o ABSOLUTE
    ..\\USER\\LEDControl.c                   0x00000000   Number         0  ledcontrol.o ABSOLUTE
    ..\\USER\\LM75A.c                        0x00000000   Number         0  lm75a.o ABSOLUTE
    ..\\USER\\PacketAnalysis.c               0x00000000   Number         0  packetanalysis.o ABSOLUTE
    ..\\USER\\RTCTime.c                      0x00000000   Number         0  rtctime.o ABSOLUTE
    ..\\USER\\Relay.c                        0x00000000   Number         0  relay.o ABSOLUTE
    ..\\USER\\TcpApp.c                       0x00000000   Number         0  tcpapp.o ABSOLUTE
    ..\\USER\\TemSensor.c                    0x00000000   Number         0  temsensor.o ABSOLUTE
    ..\\USER\\main.c                         0x00000000   Number         0  main.o ABSOLUTE
    ..\\lpc17xx_port\\clock-arch.c           0x00000000   Number         0  clock-arch.o ABSOLUTE
    ..\\lpc17xx_port\\emac.c                 0x00000000   Number         0  emac.o ABSOLUTE
    ..\lpc17xx_port\clock-arch.c             0x00000000   Number         0  clock-arch.o ABSOLUTE
    ..\lpc17xx_port\emac.c                   0x00000000   Number         0  emac.o ABSOLUTE
    ..\uip\psock.c                           0x00000000   Number         0  psock.o ABSOLUTE
    ..\uip\timer.c                           0x00000000   Number         0  timer.o ABSOLUTE
    ..\uip\uip-fw.c                          0x00000000   Number         0  uip-fw.o ABSOLUTE
    ..\uip\uip-neighbor.c                    0x00000000   Number         0  uip-neighbor.o ABSOLUTE
    ..\uip\uip.c                             0x00000000   Number         0  uip.o ABSOLUTE
    ..\uip\uip_arp.c                         0x00000000   Number         0  uip_arp.o ABSOLUTE
    ..\uip\uiplib.c                          0x00000000   Number         0  uiplib.o ABSOLUTE
    cdrcmple.s                               0x00000000   Number         0  cdrcmple.o ABSOLUTE
    cfcmple.s                                0x00000000   Number         0  cfcmple.o ABSOLUTE
    cfrcmple.s                               0x00000000   Number         0  cfrcmple.o ABSOLUTE
    dc.s                                     0x00000000   Number         0  dc.o ABSOLUTE
    handlers.s                               0x00000000   Number         0  handlers.o ABSOLUTE
    init.s                                   0x00000000   Number         0  init.o ABSOLUTE
    .ARM.Collect$$$$00000000                 0x000000cc   Section        0  entry.o(.ARM.Collect$$$$00000000)
    .ARM.Collect$$$$00000001                 0x000000cc   Section        4  entry2.o(.ARM.Collect$$$$00000001)
    .ARM.Collect$$$$00000004                 0x000000d0   Section        4  entry5.o(.ARM.Collect$$$$00000004)
    .ARM.Collect$$$$00000008                 0x000000d4   Section        0  entry7b.o(.ARM.Collect$$$$00000008)
    .ARM.Collect$$$$00000009                 0x000000d4   Section        8  entry8.o(.ARM.Collect$$$$00000009)
    .ARM.Collect$$$$00002712                 0x000000dc   Section        4  entry2.o(.ARM.Collect$$$$00002712)
    __lit__00000000                          0x000000dc   Data           4  entry2.o(.ARM.Collect$$$$00002712)
    .text                                    0x000000e0   Section       36  startup_lpc17xx.o(.text)
    .text                                    0x00000104   Section        0  uldiv.o(.text)
    .text                                    0x00000166   Section        0  dadd.o(.text)
    .text                                    0x000002b2   Section        0  uidiv.o(.text)
    .text                                    0x000002de   Section        0  llshl.o(.text)
    .text                                    0x000002fc   Section        0  llushr.o(.text)
    .text                                    0x0000031c   Section        0  llsshr.o(.text)
    .text                                    0x00000340   Section        0  depilogue.o(.text)
    .text                                    0x00000340   Section        0  iusefp.o(.text)
    .text                                    0x000003fe   Section        0  dmul.o(.text)
    .text                                    0x000004de   Section        0  ddiv.o(.text)
    .text                                    0x000005bc   Section        0  dfixul.o(.text)
    .text                                    0x000005ec   Section       40  cdrcmple.o(.text)
    .text                                    0x00000614   Section       36  init.o(.text)
    OSKernelschedular                        0x00000638   Section      160  os_cpu_a.o(OSKernelschedular)
    i.AnalyseData                            0x000006d8   Section        0  apprs485.o(i.AnalyseData)
    i.AppTaskStart                           0x00000748   Section        0  main.o(i.AppTaskStart)
    AppTaskStart                             0x00000749   Thumb Code   240  main.o(i.AppTaskStart)
    i.App_TCBInitHook                        0x000008b8   Section        0  os_apphooks.o(i.App_TCBInitHook)
    i.App_TaskCreateHook                     0x000008ba   Section        0  os_apphooks.o(i.App_TaskCreateHook)
    i.App_TaskDelHook                        0x000008bc   Section        0  os_apphooks.o(i.App_TaskDelHook)
    i.App_TaskIdleHook                       0x000008be   Section        0  os_apphooks.o(i.App_TaskIdleHook)
    i.App_TaskStatHook                       0x000008c0   Section        0  os_apphooks.o(i.App_TaskStatHook)
    i.App_TimeTickHook                       0x000008c2   Section        0  os_apphooks.o(i.App_TimeTickHook)
    i.BeepInit                               0x000008c4   Section        0  beep.o(i.BeepInit)
    i.BeepOff                                0x000008d0   Section        0  beep.o(i.BeepOff)
    i.CLKPWR_ConfigPPWR                      0x00000900   Section        0  lpc17xx_clkpwr.o(i.CLKPWR_ConfigPPWR)
    i.CLKPWR_GetPCLK                         0x0000092c   Section        0  lpc17xx_clkpwr.o(i.CLKPWR_GetPCLK)
    i.CLKPWR_GetPCLKSEL                      0x00000958   Section        0  lpc17xx_clkpwr.o(i.CLKPWR_GetPCLKSEL)
    i.GPIO_ClearValue                        0x00000978   Section        0  lpc17xx_gpio.o(i.GPIO_ClearValue)
    i.GPIO_GetPointer                        0x00000988   Section        0  lpc17xx_gpio.o(i.GPIO_GetPointer)
    GPIO_GetPointer                          0x00000989   Thumb Code    46  lpc17xx_gpio.o(i.GPIO_GetPointer)
    i.GPIO_ReadValue                         0x000009bc   Section        0  lpc17xx_gpio.o(i.GPIO_ReadValue)
    i.GPIO_SetDir                            0x000009ca   Section        0  lpc17xx_gpio.o(i.GPIO_SetDir)
    i.InitRelay                              0x000009e8   Section        0  relay.o(i.InitRelay)
    i.LED_On                                 0x00000a2c   Section        0  appserialcom.o(i.LED_On)
    i.OSDebugInit                            0x00000a44   Section        0  os_dbg.o(i.OSDebugInit)
    i.OSEventNameSet                         0x00000a48   Section        0  os_core.o(i.OSEventNameSet)
    i.OSInit                                 0x00000a94   Section        0  os_core.o(i.OSInit)
    i.OSInitHookBegin                        0x00000b7c   Section        0  os_cpu_c.o(i.OSInitHookBegin)
    i.OSInitHookEnd                          0x00000b88   Section        0  os_cpu_c.o(i.OSInitHookEnd)
    i.OSIntEnter                             0x00000b8c   Section        0  os_core.o(i.OSIntEnter)
    i.OSIntExit                              0x00000ba4   Section        0  os_core.o(i.OSIntExit)
    i.OSMboxCreate                           0x00000c00   Section        0  os_mbox.o(i.OSMboxCreate)
    i.OSSchedLock                            0x00000c4c   Section        0  os_core.o(i.OSSchedLock)
    i.OSSchedUnlock                          0x00000c78   Section        0  os_core.o(i.OSSchedUnlock)
    i.OSSemCreate                            0x00000cb4   Section        0  os_sem.o(i.OSSemCreate)
    i.OSSemPend                              0x00000d00   Section        0  os_sem.o(i.OSSemPend)
    i.OSSemPost                              0x00000dc0   Section        0  os_sem.o(i.OSSemPost)
    i.OSStart                                0x00000e18   Section        0  os_core.o(i.OSStart)
    i.OSTCBInitHook                          0x00000e48   Section        0  os_cpu_c.o(i.OSTCBInitHook)
    i.OSTaskCreate                           0x00000e4c   Section        0  os_task.o(i.OSTaskCreate)
    i.OSTaskCreateExt                        0x00000edc   Section        0  os_task.o(i.OSTaskCreateExt)
    i.OSTaskCreateHook                       0x00000f80   Section        0  os_cpu_c.o(i.OSTaskCreateHook)
    i.OSTaskDel                              0x00000f84   Section        0  os_task.o(i.OSTaskDel)
    i.OSTaskDelHook                          0x000010d4   Section        0  os_cpu_c.o(i.OSTaskDelHook)
    i.OSTaskIdleHook                         0x000010d8   Section        0  os_cpu_c.o(i.OSTaskIdleHook)
    i.OSTaskNameSet                          0x000010dc   Section        0  os_task.o(i.OSTaskNameSet)
    i.OSTaskReturnHook                       0x00001148   Section        0  os_apphooks.o(i.OSTaskReturnHook)
    i.OSTaskStatHook                         0x0000114a   Section        0  os_cpu_c.o(i.OSTaskStatHook)
    i.OSTaskStkChk                           0x00001150   Section        0  os_task.o(i.OSTaskStkChk)
    i.OSTaskStkInit                          0x000011d8   Section        0  os_cpu_c.o(i.OSTaskStkInit)
    i.OSTaskSuspend                          0x00001240   Section        0  os_task.o(i.OSTaskSuspend)
    i.OSTimeDly                              0x000012f0   Section        0  os_time.o(i.OSTimeDly)
    i.OSTimeGet                              0x0000135c   Section        0  os_time.o(i.OSTimeGet)
    i.OSTimeTick                             0x00001374   Section        0  os_core.o(i.OSTimeTick)
    i.OSTimeTickHook                         0x00001420   Section        0  os_cpu_c.o(i.OSTimeTickHook)
    i.OSTmrSignal                            0x00001448   Section        0  os_tmr.o(i.OSTmrSignal)
    i.OSTmr_Init                             0x00001454   Section        0  os_tmr.o(i.OSTmr_Init)
    i.OSTmr_Link                             0x0000157c   Section        0  os_tmr.o(i.OSTmr_Link)
    OSTmr_Link                               0x0000157d   Thumb Code    64  os_tmr.o(i.OSTmr_Link)
    i.OSTmr_Task                             0x000015c4   Section        0  os_tmr.o(i.OSTmr_Task)
    OSTmr_Task                               0x000015c5   Thumb Code   106  os_tmr.o(i.OSTmr_Task)
    i.OSTmr_Unlink                           0x0000163c   Section        0  os_tmr.o(i.OSTmr_Unlink)
    OSTmr_Unlink                             0x0000163d   Thumb Code    58  os_tmr.o(i.OSTmr_Unlink)
    i.OS_Dummy                               0x0000167c   Section        0  os_core.o(i.OS_Dummy)
    i.OS_EventTaskRdy                        0x00001680   Section        0  os_core.o(i.OS_EventTaskRdy)
    i.OS_EventTaskRemove                     0x000016f8   Section        0  os_core.o(i.OS_EventTaskRemove)
    i.OS_EventTaskRemoveMulti                0x0000171c   Section        0  os_core.o(i.OS_EventTaskRemoveMulti)
    i.OS_EventTaskWait                       0x0000174c   Section        0  os_core.o(i.OS_EventTaskWait)
    i.OS_EventWaitListInit                   0x000017a0   Section        0  os_core.o(i.OS_EventWaitListInit)
    i.OS_FlagInit                            0x000017b4   Section        0  os_flag.o(i.OS_FlagInit)
    i.OS_FlagUnlink                          0x00001800   Section        0  os_flag.o(i.OS_FlagUnlink)
    i.OS_InitEventList                       0x00001820   Section        0  os_core.o(i.OS_InitEventList)
    OS_InitEventList                         0x00001821   Thumb Code    76  os_core.o(i.OS_InitEventList)
    i.OS_InitTCBList                         0x00001878   Section        0  os_core.o(i.OS_InitTCBList)
    OS_InitTCBList                           0x00001879   Thumb Code    94  os_core.o(i.OS_InitTCBList)
    i.OS_MemClr                              0x000018e8   Section        0  os_core.o(i.OS_MemClr)
    i.OS_MemInit                             0x000018fc   Section        0  os_mem.o(i.OS_MemInit)
    i.OS_QInit                               0x00001948   Section        0  os_q.o(i.OS_QInit)
    i.OS_Sched                               0x00001988   Section        0  os_core.o(i.OS_Sched)
    i.OS_SchedNew                            0x000019d0   Section        0  os_core.o(i.OS_SchedNew)
    OS_SchedNew                              0x000019d1   Thumb Code    24  os_core.o(i.OS_SchedNew)
    i.OS_TCBInit                             0x000019f0   Section        0  os_core.o(i.OS_TCBInit)
    i.OS_TaskIdle                            0x00001ae8   Section        0  os_core.o(i.OS_TaskIdle)
    i.OS_TaskReturn                          0x00001b04   Section        0  os_task.o(i.OS_TaskReturn)
    i.OS_TaskStat                            0x00001b1c   Section        0  os_core.o(i.OS_TaskStat)
    i.OS_TaskStatStkChk                      0x00001b74   Section        0  os_core.o(i.OS_TaskStatStkChk)
    i.OS_TaskStkClr                          0x00001bac   Section        0  os_task.o(i.OS_TaskStkClr)
    i.PINSEL_ConfigPin                       0x00001bc4   Section        0  lpc17xx_pinsel.o(i.PINSEL_ConfigPin)
    i.RTCInit                                0x00001c40   Section        0  rtctime.o(i.RTCInit)
    i.RTCStart                               0x00001c4c   Section        0  rtctime.o(i.RTCStart)
    i.RTC_Cmd                                0x00001c68   Section        0  lpc17xx_rtc.o(i.RTC_Cmd)
    i.RTC_Init                               0x00001cc8   Section        0  lpc17xx_rtc.o(i.RTC_Init)
    i.RTC_ResetClockTickCounter              0x00001d20   Section        0  lpc17xx_rtc.o(i.RTC_ResetClockTickCounter)
    i.Rs485Init                              0x00001d70   Section        0  apprs485.o(i.Rs485Init)
    i.SmokeAlarm                             0x00001df8   Section        0  appsensor.o(i.SmokeAlarm)
    i.SwitchAlarm                            0x00001e2c   Section        0  appsensor.o(i.SwitchAlarm)
    SwitchAlarm                              0x00001e2d   Thumb Code    42  appsensor.o(i.SwitchAlarm)
    i.SysTick_Handler                        0x00001e58   Section        0  os_cpu_c.o(i.SysTick_Handler)
    i.SystemInit                             0x00001e7c   Section        0  system_lpc17xx.o(i.SystemInit)
    i.TIMER0_IRQHandler                      0x00001f40   Section        0  ledcontrol.o(i.TIMER0_IRQHandler)
    i.TIM_ClearIntPending                    0x00001f6c   Section        0  lpc17xx_timer.o(i.TIM_ClearIntPending)
    i.TIM_GetIntStatus                       0x00001fec   Section        0  lpc17xx_timer.o(i.TIM_GetIntStatus)
    i.UART1_IRQHandler                       0x00002078   Section        0  apprs485.o(i.UART1_IRQHandler)
    i.UART2_IRQHandler                       0x000020a8   Section        0  appserialcom.o(i.UART2_IRQHandler)
    i.UARTGetChar                            0x00002130   Section        0  debug_frmwrk.o(i.UARTGetChar)
    i.UARTPutChar                            0x00002148   Section        0  debug_frmwrk.o(i.UARTPutChar)
    i.UARTPutDec                             0x00002156   Section        0  debug_frmwrk.o(i.UARTPutDec)
    i.UARTPutDec16                           0x0000219c   Section        0  debug_frmwrk.o(i.UARTPutDec16)
    i.UARTPutDec32                           0x00002218   Section        0  debug_frmwrk.o(i.UARTPutDec32)
    i.UARTPutHex                             0x00002330   Section        0  debug_frmwrk.o(i.UARTPutHex)
    i.UARTPutHex16                           0x0000236c   Section        0  debug_frmwrk.o(i.UARTPutHex16)
    i.UARTPutHex32                           0x000023a8   Section        0  debug_frmwrk.o(i.UARTPutHex32)
    i.UARTPuts                               0x000023e4   Section        0  debug_frmwrk.o(i.UARTPuts)
    i.UARTPuts_                              0x000023fc   Section        0  debug_frmwrk.o(i.UARTPuts_)
    i.UART_ConfigStructInit                  0x00002414   Section        0  lpc17xx_uart.o(i.UART_ConfigStructInit)
    i.UART_FIFOConfig                        0x00002428   Section        0  lpc17xx_uart.o(i.UART_FIFOConfig)
    i.UART_FIFOConfigStructInit              0x00002518   Section        0  lpc17xx_uart.o(i.UART_FIFOConfigStructInit)
    i.UART_GetIntId                          0x00002528   Section        0  lpc17xx_uart.o(i.UART_GetIntId)
    i.UART_GetLineStatus                     0x00002590   Section        0  lpc17xx_uart.o(i.UART_GetLineStatus)
    i.UART_Init                              0x000025f8   Section        0  lpc17xx_uart.o(i.UART_Init)
    i.UART_IntReceive                        0x000027bc   Section        0  apprs485.o(i.UART_IntReceive)
    i.UART_Receive                           0x00002804   Section        0  lpc17xx_uart.o(i.UART_Receive)
    i.UART_ReceiveByte                       0x00002860   Section        0  lpc17xx_uart.o(i.UART_ReceiveByte)
    i.UART_Send                              0x000028c4   Section        0  lpc17xx_uart.o(i.UART_Send)
    i.UART_SendByte                          0x00002948   Section        0  lpc17xx_uart.o(i.UART_SendByte)
    i.UART_TxCmd                             0x000029ac   Section        0  lpc17xx_uart.o(i.UART_TxCmd)
    i.__0vsprintf                            0x00002a30   Section        0  printfa.o(i.__0vsprintf)
    i.__scatterload_copy                     0x00002a50   Section       14  handlers.o(i.__scatterload_copy)
    i.__scatterload_null                     0x00002a5e   Section        2  handlers.o(i.__scatterload_null)
    i.__scatterload_zeroinit                 0x00002a60   Section       14  handlers.o(i.__scatterload_zeroinit)
    i._fp_digits                             0x00002a70   Section        0  printfa.o(i._fp_digits)
    _fp_digits                               0x00002a71   Thumb Code   324  printfa.o(i._fp_digits)
    i._printf_core                           0x00002bc8   Section        0  printfa.o(i._printf_core)
    _printf_core                             0x00002bc9   Thumb Code  1782  printfa.o(i._printf_core)
    i._printf_post_padding                   0x000032cc   Section        0  printfa.o(i._printf_post_padding)
    _printf_post_padding                     0x000032cd   Thumb Code    38  printfa.o(i._printf_post_padding)
    i._printf_pre_padding                    0x000032f2   Section        0  printfa.o(i._printf_pre_padding)
    _printf_pre_padding                      0x000032f3   Thumb Code    48  printfa.o(i._printf_pre_padding)
    i._sputc                                 0x00003322   Section        0  printfa.o(i._sputc)
    _sputc                                   0x00003323   Thumb Code    10  printfa.o(i._sputc)
    i.c_entry                                0x0000332c   Section        0  main.o(i.c_entry)
    i.check_failed                           0x00003350   Section        0  appdebug.o(i.check_failed)
    i.clock_init                             0x00003354   Section        0  clock-arch.o(i.clock_init)
    i.debug_frmwrk_init                      0x0000339c   Section        0  debug_frmwrk.o(i.debug_frmwrk_init)
    i.key_init                               0x00003444   Section        0  ledcontrol.o(i.key_init)
    i.main                                   0x00003454   Section        0  main.o(i.main)
    i.my_printf                              0x00003458   Section        0  debug_frmwrk.o(i.my_printf)
    i.setCtrl                                0x00003484   Section        0  apprs485.o(i.setCtrl)
    i.uart_set_divisors                      0x00003494   Section        0  lpc17xx_uart.o(i.uart_set_divisors)
    uart_set_divisors                        0x00003495   Thumb Code   320  lpc17xx_uart.o(i.uart_set_divisors)
    .constdata                               0x000035e4   Section       32  appserialcom.o(.constdata)
    .constdata                               0x00003604   Section      256  os_core.o(.constdata)
    .data                                    0x10000000   Section       32  main.o(.data)
    .data                                    0x10000020   Section        1  appserialcom.o(.data)
    index                                    0x10000020   Data           1  appserialcom.o(.data)
    .data                                    0x10000024   Section       32  ledcontrol.o(.data)
    uTemp                                    0x10000038   Data           4  ledcontrol.o(.data)
    .data                                    0x10000044   Section        6  apprs485.o(.data)
    dataSize                                 0x10000044   Data           1  apprs485.o(.data)
    data                                     0x10000045   Data           5  apprs485.o(.data)
    .data                                    0x1000004c   Section        4  system_lpc17xx.o(.data)
    .data                                    0x10000050   Section        2  os_cpu_c.o(.data)
    OSTmrCtr                                 0x10000050   Data           2  os_cpu_c.o(.data)
    .data                                    0x10000054   Section       60  os_core.o(.data)
    .data                                    0x10000090   Section        4  os_core.o(.data)
    .data                                    0x10000094   Section        4  os_core.o(.data)
    .data                                    0x10000098   Section        4  os_core.o(.data)
    .data                                    0x1000009c   Section        2  os_core.o(.data)
    .data                                    0x1000009e   Section        2  os_core.o(.data)
    .data                                    0x100000a0   Section        4  os_core.o(.data)
    .data                                    0x100000a4   Section        4  os_core.o(.data)
    .data                                    0x100000a8   Section        4  os_core.o(.data)
    .data                                    0x100000ac   Section        4  os_core.o(.data)
    .data                                    0x100000b0   Section        4  clock-arch.o(.data)
    .data                                    0x100000b4   Section       40  debug_frmwrk.o(.data)
    .bss                                     0x100000dc   Section      100  appserialcom.o(.bss)
    chars                                    0x100000dc   Data         100  appserialcom.o(.bss)
    .bss                                     0x10000140   Section     3056  os_core.o(.bss)
    .bss                                     0x10000d30   Section       80  os_core.o(.bss)
    .bss                                     0x10000d80   Section      120  os_core.o(.bss)
    .bss                                     0x10000df8   Section       96  os_core.o(.bss)
    .bss                                     0x10000e58   Section      640  os_core.o(.bss)
    .bss                                     0x100010d8   Section      256  os_core.o(.bss)
    .bss                                     0x100011d8   Section       64  os_core.o(.bss)
    .bss                                     0x10001218   Section      513  debug_frmwrk.o(.bss)
    buffer                                   0x10001218   Data         513  debug_frmwrk.o(.bss)
    STACK                                    0x10001420   Section      512  startup_lpc17xx.o(STACK)
    .bss                                     0x2007c000   Section    10656  main.o(.bss)
    App_TaskStartStk                         0x2007c000   Data         920  main.o(.bss)
    App_TaskNetStk                           0x2007c398   Data        1024  main.o(.bss)
    App_TaskNetCommandStk                    0x2007c798   Data        3000  main.o(.bss)
    App_TaskSampleStk                        0x2007d350   Data        3000  main.o(.bss)
    App_TaskKeyScanStk                       0x2007df08   Data         256  main.o(.bss)
    App_TaskLCDDisplayStk                    0x2007e008   Data        2200  main.o(.bss)
    App_TaskNetInitStk                       0x2007e8a0   Data         256  main.o(.bss)

    Global Symbols

    Symbol Name                              Value     Ov Type        Size  Object(Section)

    BuildAttributes$$THM_ISAv4$P$D$K$B$S$PE$A:L22UL41UL21$X:L11$S22US41US21$IEEE1$IW$USESV6$~STKCKD$USESV7$~SHL$OTIME$ROPI$EBA8$MICROLIB$REQ8$PRES8$EABIv2 0x00000000   Number         0  anon$$obj.o ABSOLUTE
    __ARM_use_no_argv                        0x00000000   Number         0  main.o ABSOLUTE
    __Vectors                                0x00000000   Data           4  startup_lpc17xx.o(RESET)
    _printf_a                                0x00000000   Number         0  stubs.o ABSOLUTE
    _printf_c                                0x00000000   Number         0  stubs.o ABSOLUTE
    _printf_charcount                        0x00000000   Number         0  stubs.o ABSOLUTE
    _printf_d                                0x00000000   Number         0  stubs.o ABSOLUTE
    _printf_e                                0x00000000   Number         0  stubs.o ABSOLUTE
    _printf_f                                0x00000000   Number         0  stubs.o ABSOLUTE
    _printf_flags                            0x00000000   Number         0  stubs.o ABSOLUTE
    _printf_fp_dec                           0x00000000   Number         0  stubs.o ABSOLUTE
    _printf_fp_hex                           0x00000000   Number         0  stubs.o ABSOLUTE
    _printf_g                                0x00000000   Number         0  stubs.o ABSOLUTE
    _printf_i                                0x00000000   Number         0  stubs.o ABSOLUTE
    _printf_int_dec                          0x00000000   Number         0  stubs.o ABSOLUTE
    _printf_l                                0x00000000   Number         0  stubs.o ABSOLUTE
    _printf_lc                               0x00000000   Number         0  stubs.o ABSOLUTE
    _printf_ll                               0x00000000   Number         0  stubs.o ABSOLUTE
    _printf_lld                              0x00000000   Number         0  stubs.o ABSOLUTE
    _printf_lli                              0x00000000   Number         0  stubs.o ABSOLUTE
    _printf_llo                              0x00000000   Number         0  stubs.o ABSOLUTE
    _printf_llu                              0x00000000   Number         0  stubs.o ABSOLUTE
    _printf_llx                              0x00000000   Number         0  stubs.o ABSOLUTE
    _printf_longlong_dec                     0x00000000   Number         0  stubs.o ABSOLUTE
    _printf_longlong_hex                     0x00000000   Number         0  stubs.o ABSOLUTE
    _printf_longlong_oct                     0x00000000   Number         0  stubs.o ABSOLUTE
    _printf_ls                               0x00000000   Number         0  stubs.o ABSOLUTE
    _printf_mbtowc                           0x00000000   Number         0  stubs.o ABSOLUTE
    _printf_n                                0x00000000   Number         0  stubs.o ABSOLUTE
    _printf_o                                0x00000000   Number         0  stubs.o ABSOLUTE
    _printf_p                                0x00000000   Number         0  stubs.o ABSOLUTE
    _printf_percent                          0x00000000   Number         0  stubs.o ABSOLUTE
    _printf_pre_padding                      0x00000000   Number         0  stubs.o ABSOLUTE
    _printf_return_value                     0x00000000   Number         0  stubs.o ABSOLUTE
    _printf_s                                0x00000000   Number         0  stubs.o ABSOLUTE
    _printf_sizespec                         0x00000000   Number         0  stubs.o ABSOLUTE
    _printf_str                              0x00000000   Number         0  stubs.o ABSOLUTE
    _printf_truncate_signed                  0x00000000   Number         0  stubs.o ABSOLUTE
    _printf_truncate_unsigned                0x00000000   Number         0  stubs.o ABSOLUTE
    _printf_u                                0x00000000   Number         0  stubs.o ABSOLUTE
    _printf_wc                               0x00000000   Number         0  stubs.o ABSOLUTE
    _printf_wctomb                           0x00000000   Number         0  stubs.o ABSOLUTE
    _printf_widthprec                        0x00000000   Number         0  stubs.o ABSOLUTE
    _printf_x                                0x00000000   Number         0  stubs.o ABSOLUTE
    __decompress                              - Undefined Weak Reference
    _clock_init                               - Undefined Weak Reference
    __main                                   0x000000cd   Thumb Code     0  entry.o(.ARM.Collect$$$$00000000)
    _main_stk                                0x000000cd   Thumb Code     0  entry2.o(.ARM.Collect$$$$00000001)
    _main_scatterload                        0x000000d1   Thumb Code     0  entry5.o(.ARM.Collect$$$$00000004)
    __main_after_scatterload                 0x000000d5   Thumb Code     0  entry5.o(.ARM.Collect$$$$00000004)
    _main_clock                              0x000000d5   Thumb Code     0  entry7b.o(.ARM.Collect$$$$00000008)
    _main_init                               0x000000d5   Thumb Code     0  entry8.o(.ARM.Collect$$$$00000009)
    Reset_Handler                            0x000000e1   Thumb Code     8  startup_lpc17xx.o(.text)
    NMI_Handler                              0x000000e9   Thumb Code     2  startup_lpc17xx.o(.text)
    HardFault_Handler                        0x000000eb   Thumb Code     2  startup_lpc17xx.o(.text)
    MemManage_Handler                        0x000000ed   Thumb Code     2  startup_lpc17xx.o(.text)
    BusFault_Handler                         0x000000ef   Thumb Code     2  startup_lpc17xx.o(.text)
    UsageFault_Handler                       0x000000f1   Thumb Code     2  startup_lpc17xx.o(.text)
    SVC_Handler                              0x000000f3   Thumb Code     2  startup_lpc17xx.o(.text)
    DebugMon_Handler                         0x000000f5   Thumb Code     2  startup_lpc17xx.o(.text)
    ADC_IRQHandler                           0x000000fb   Thumb Code     0  startup_lpc17xx.o(.text)
    BOD_IRQHandler                           0x000000fb   Thumb Code     0  startup_lpc17xx.o(.text)
    CANActivity_IRQHandler                   0x000000fb   Thumb Code     0  startup_lpc17xx.o(.text)
    CAN_IRQHandler                           0x000000fb   Thumb Code     0  startup_lpc17xx.o(.text)
    DMA_IRQHandler                           0x000000fb   Thumb Code     0  startup_lpc17xx.o(.text)
    EINT0_IRQHandler                         0x000000fb   Thumb Code     0  startup_lpc17xx.o(.text)
    EINT1_IRQHandler                         0x000000fb   Thumb Code     0  startup_lpc17xx.o(.text)
    EINT2_IRQHandler                         0x000000fb   Thumb Code     0  startup_lpc17xx.o(.text)
    EINT3_IRQHandler                         0x000000fb   Thumb Code     0  startup_lpc17xx.o(.text)
    ENET_IRQHandler                          0x000000fb   Thumb Code     0  startup_lpc17xx.o(.text)
    I2C0_IRQHandler                          0x000000fb   Thumb Code     0  startup_lpc17xx.o(.text)
    I2C1_IRQHandler                          0x000000fb   Thumb Code     0  startup_lpc17xx.o(.text)
    I2C2_IRQHandler                          0x000000fb   Thumb Code     0  startup_lpc17xx.o(.text)
    I2S_IRQHandler                           0x000000fb   Thumb Code     0  startup_lpc17xx.o(.text)
    MCPWM_IRQHandler                         0x000000fb   Thumb Code     0  startup_lpc17xx.o(.text)
    PLL0_IRQHandler                          0x000000fb   Thumb Code     0  startup_lpc17xx.o(.text)
    PLL1_IRQHandler                          0x000000fb   Thumb Code     0  startup_lpc17xx.o(.text)
    PWM1_IRQHandler                          0x000000fb   Thumb Code     0  startup_lpc17xx.o(.text)
    QEI_IRQHandler                           0x000000fb   Thumb Code     0  startup_lpc17xx.o(.text)
    RIT_IRQHandler                           0x000000fb   Thumb Code     0  startup_lpc17xx.o(.text)
    RTC_IRQHandler                           0x000000fb   Thumb Code     0  startup_lpc17xx.o(.text)
    SPI_IRQHandler                           0x000000fb   Thumb Code     0  startup_lpc17xx.o(.text)
    SSP0_IRQHandler                          0x000000fb   Thumb Code     0  startup_lpc17xx.o(.text)
    SSP1_IRQHandler                          0x000000fb   Thumb Code     0  startup_lpc17xx.o(.text)
    TIMER1_IRQHandler                        0x000000fb   Thumb Code     0  startup_lpc17xx.o(.text)
    TIMER2_IRQHandler                        0x000000fb   Thumb Code     0  startup_lpc17xx.o(.text)
    TIMER3_IRQHandler                        0x000000fb   Thumb Code     0  startup_lpc17xx.o(.text)
    UART0_IRQHandler                         0x000000fb   Thumb Code     0  startup_lpc17xx.o(.text)
    UART3_IRQHandler                         0x000000fb   Thumb Code     0  startup_lpc17xx.o(.text)
    USBActivity_IRQHandler                   0x000000fb   Thumb Code     0  startup_lpc17xx.o(.text)
    USB_IRQHandler                           0x000000fb   Thumb Code     0  startup_lpc17xx.o(.text)
    WDT_IRQHandler                           0x000000fb   Thumb Code     0  startup_lpc17xx.o(.text)
    __aeabi_uldivmod                         0x00000105   Thumb Code    98  uldiv.o(.text)
    __aeabi_dadd                             0x00000167   Thumb Code   320  dadd.o(.text)
    __aeabi_dsub                             0x000002a7   Thumb Code     6  dadd.o(.text)
    __aeabi_drsub                            0x000002ad   Thumb Code     6  dadd.o(.text)
    __aeabi_uidiv                            0x000002b3   Thumb Code     0  uidiv.o(.text)
    __aeabi_uidivmod                         0x000002b3   Thumb Code    44  uidiv.o(.text)
    __aeabi_llsl                             0x000002df   Thumb Code    30  llshl.o(.text)
    _ll_shift_l                              0x000002df   Thumb Code     0  llshl.o(.text)
    __aeabi_llsr                             0x000002fd   Thumb Code    32  llushr.o(.text)
    _ll_ushift_r                             0x000002fd   Thumb Code     0  llushr.o(.text)
    __aeabi_lasr                             0x0000031d   Thumb Code    36  llsshr.o(.text)
    _ll_sshift_r                             0x0000031d   Thumb Code     0  llsshr.o(.text)
    __I$use$fp                               0x00000341   Thumb Code     0  iusefp.o(.text)
    _double_round                            0x00000341   Thumb Code    26  depilogue.o(.text)
    _double_epilogue                         0x0000035b   Thumb Code   164  depilogue.o(.text)
    __aeabi_dmul                             0x000003ff   Thumb Code   224  dmul.o(.text)
    __aeabi_ddiv                             0x000004df   Thumb Code   222  ddiv.o(.text)
    __aeabi_d2ulz                            0x000005bd   Thumb Code    48  dfixul.o(.text)
    __aeabi_cdrcmple                         0x000005ed   Thumb Code    38  cdrcmple.o(.text)
    __scatterload                            0x00000615   Thumb Code    28  init.o(.text)
    __scatterload_rt2                        0x00000615   Thumb Code     0  init.o(.text)
    OS_CPU_SR_Save                           0x00000639   Thumb Code     0  os_cpu_a.o(OSKernelschedular)
    OS_CPU_SR_Restore                        0x00000641   Thumb Code     0  os_cpu_a.o(OSKernelschedular)
    OSStartHighRdy                           0x00000647   Thumb Code     0  os_cpu_a.o(OSKernelschedular)
    OSCtxSw                                  0x00000667   Thumb Code     0  os_cpu_a.o(OSKernelschedular)
    OSIntCtxSw                               0x00000671   Thumb Code     0  os_cpu_a.o(OSKernelschedular)
    PendSV_Handler                           0x0000067b   Thumb Code     0  os_cpu_a.o(OSKernelschedular)
    IntDisAll                                0x000006b3   Thumb Code     0  os_cpu_a.o(OSKernelschedular)
    AnalyseData                              0x000006d9   Thumb Code    76  apprs485.o(i.AnalyseData)
    App_TCBInitHook                          0x000008b9   Thumb Code     2  os_apphooks.o(i.App_TCBInitHook)
    App_TaskCreateHook                       0x000008bb   Thumb Code     2  os_apphooks.o(i.App_TaskCreateHook)
    App_TaskDelHook                          0x000008bd   Thumb Code     2  os_apphooks.o(i.App_TaskDelHook)
    App_TaskIdleHook                         0x000008bf   Thumb Code     2  os_apphooks.o(i.App_TaskIdleHook)
    App_TaskStatHook                         0x000008c1   Thumb Code     2  os_apphooks.o(i.App_TaskStatHook)
    App_TimeTickHook                         0x000008c3   Thumb Code     2  os_apphooks.o(i.App_TimeTickHook)
    BeepInit                                 0x000008c5   Thumb Code    10  beep.o(i.BeepInit)
    BeepOff                                  0x000008d1   Thumb Code    26  beep.o(i.BeepOff)
    CLKPWR_ConfigPPWR                        0x00000901   Thumb Code    34  lpc17xx_clkpwr.o(i.CLKPWR_ConfigPPWR)
    CLKPWR_GetPCLK                           0x0000092d   Thumb Code    38  lpc17xx_clkpwr.o(i.CLKPWR_GetPCLK)
    CLKPWR_GetPCLKSEL                        0x00000959   Thumb Code    26  lpc17xx_clkpwr.o(i.CLKPWR_GetPCLKSEL)
    GPIO_ClearValue                          0x00000979   Thumb Code    16  lpc17xx_gpio.o(i.GPIO_ClearValue)
    GPIO_ReadValue                           0x000009bd   Thumb Code    14  lpc17xx_gpio.o(i.GPIO_ReadValue)
    GPIO_SetDir                              0x000009cb   Thumb Code    28  lpc17xx_gpio.o(i.GPIO_SetDir)
    InitRelay                                0x000009e9   Thumb Code    56  relay.o(i.InitRelay)
    LED_On                                   0x00000a2d   Thumb Code    16  appserialcom.o(i.LED_On)
    OSDebugInit                              0x00000a45   Thumb Code     2  os_dbg.o(i.OSDebugInit)
    OSEventNameSet                           0x00000a49   Thumb Code    70  os_core.o(i.OSEventNameSet)
    OSInit                                   0x00000a95   Thumb Code   178  os_core.o(i.OSInit)
    OSInitHookBegin                          0x00000b7d   Thumb Code     8  os_cpu_c.o(i.OSInitHookBegin)
    OSInitHookEnd                            0x00000b89   Thumb Code     2  os_cpu_c.o(i.OSInitHookEnd)
    OSIntEnter                               0x00000b8d   Thumb Code    20  os_core.o(i.OSIntEnter)
    OSIntExit                                0x00000ba5   Thumb Code    82  os_core.o(i.OSIntExit)
    OSMboxCreate                             0x00000c01   Thumb Code    62  os_mbox.o(i.OSMboxCreate)
    OSSchedLock                              0x00000c4d   Thumb Code    38  os_core.o(i.OSSchedLock)
    OSSchedUnlock                            0x00000c79   Thumb Code    54  os_core.o(i.OSSchedUnlock)
    OSSemCreate                              0x00000cb5   Thumb Code    62  os_sem.o(i.OSSemCreate)
    OSSemPend                                0x00000d01   Thumb Code   180  os_sem.o(i.OSSemPend)
    OSSemPost                                0x00000dc1   Thumb Code    88  os_sem.o(i.OSSemPost)
    OSStart                                  0x00000e19   Thumb Code    38  os_core.o(i.OSStart)
    OSTCBInitHook                            0x00000e49   Thumb Code     4  os_cpu_c.o(i.OSTCBInitHook)
    OSTaskCreate                             0x00000e4d   Thumb Code   132  os_task.o(i.OSTaskCreate)
    OSTaskCreateExt                          0x00000edd   Thumb Code   152  os_task.o(i.OSTaskCreateExt)
    OSTaskCreateHook                         0x00000f81   Thumb Code     4  os_cpu_c.o(i.OSTaskCreateHook)
    OSTaskDel                                0x00000f85   Thumb Code   292  os_task.o(i.OSTaskDel)
    OSTaskDelHook                            0x000010d5   Thumb Code     4  os_cpu_c.o(i.OSTaskDelHook)
    OSTaskIdleHook                           0x000010d9   Thumb Code     4  os_cpu_c.o(i.OSTaskIdleHook)
    OSTaskNameSet                            0x000010dd   Thumb Code    94  os_task.o(i.OSTaskNameSet)
    OSTaskReturnHook                         0x00001149   Thumb Code     2  os_apphooks.o(i.OSTaskReturnHook)
    OSTaskStatHook                           0x0000114b   Thumb Code     4  os_cpu_c.o(i.OSTaskStatHook)
    OSTaskStkChk                             0x00001151   Thumb Code   128  os_task.o(i.OSTaskStkChk)
    OSTaskStkInit                            0x000011d9   Thumb Code    98  os_cpu_c.o(i.OSTaskStkInit)
    OSTaskSuspend                            0x00001241   Thumb Code   158  os_task.o(i.OSTaskSuspend)
    OSTimeDly                                0x000012f1   Thumb Code    88  os_time.o(i.OSTimeDly)
    OSTimeGet                                0x0000135d   Thumb Code    18  os_time.o(i.OSTimeGet)
    OSTimeTick                               0x00001375   Thumb Code   166  os_core.o(i.OSTimeTick)
    OSTimeTickHook                           0x00001421   Thumb Code    34  os_cpu_c.o(i.OSTimeTickHook)
    OSTmrSignal                              0x00001449   Thumb Code     8  os_tmr.o(i.OSTmrSignal)
    OSTmr_Init                               0x00001455   Thumb Code   194  os_tmr.o(i.OSTmr_Init)
    OS_Dummy                                 0x0000167d   Thumb Code     2  os_core.o(i.OS_Dummy)
    OS_EventTaskRdy                          0x00001681   Thumb Code   108  os_core.o(i.OS_EventTaskRdy)
    OS_EventTaskRemove                       0x000016f9   Thumb Code    36  os_core.o(i.OS_EventTaskRemove)
    OS_EventTaskRemoveMulti                  0x0000171d   Thumb Code    48  os_core.o(i.OS_EventTaskRemoveMulti)
    OS_EventTaskWait                         0x0000174d   Thumb Code    80  os_core.o(i.OS_EventTaskWait)
    OS_EventWaitListInit                     0x000017a1   Thumb Code    20  os_core.o(i.OS_EventWaitListInit)
    OS_FlagInit                              0x000017b5   Thumb Code    62  os_flag.o(i.OS_FlagInit)
    OS_FlagUnlink                            0x00001801   Thumb Code    32  os_flag.o(i.OS_FlagUnlink)
    OS_MemClr                                0x000018e9   Thumb Code    18  os_core.o(i.OS_MemClr)
    OS_MemInit                               0x000018fd   Thumb Code    64  os_mem.o(i.OS_MemInit)
    OS_QInit                                 0x00001949   Thumb Code    56  os_q.o(i.OS_QInit)
    OS_Sched                                 0x00001989   Thumb Code    64  os_core.o(i.OS_Sched)
    OS_TCBInit                               0x000019f1   Thumb Code   236  os_core.o(i.OS_TCBInit)
    OS_TaskIdle                              0x00001ae9   Thumb Code    24  os_core.o(i.OS_TaskIdle)
    OS_TaskReturn                            0x00001b05   Thumb Code    20  os_task.o(i.OS_TaskReturn)
    OS_TaskStat                              0x00001b1d   Thumb Code    82  os_core.o(i.OS_TaskStat)
    OS_TaskStatStkChk                        0x00001b75   Thumb Code    50  os_core.o(i.OS_TaskStatStkChk)
    OS_TaskStkClr                            0x00001bad   Thumb Code    22  os_task.o(i.OS_TaskStkClr)
    PINSEL_ConfigPin                         0x00001bc5   Thumb Code   118  lpc17xx_pinsel.o(i.PINSEL_ConfigPin)
    RTCInit                                  0x00001c41   Thumb Code     6  rtctime.o(i.RTCInit)
    RTCStart                                 0x00001c4d   Thumb Code    22  rtctime.o(i.RTCStart)
    RTC_Cmd                                  0x00001c69   Thumb Code    52  lpc17xx_rtc.o(i.RTC_Cmd)
    RTC_Init                                 0x00001cc9   Thumb Code    42  lpc17xx_rtc.o(i.RTC_Init)
    RTC_ResetClockTickCounter                0x00001d21   Thumb Code    36  lpc17xx_rtc.o(i.RTC_ResetClockTickCounter)
    Rs485Init                                0x00001d71   Thumb Code   106  apprs485.o(i.Rs485Init)
    SmokeAlarm                               0x00001df9   Thumb Code    52  appsensor.o(i.SmokeAlarm)
    SysTick_Handler                          0x00001e59   Thumb Code    30  os_cpu_c.o(i.SysTick_Handler)
    SystemInit                               0x00001e7d   Thumb Code   184  system_lpc17xx.o(i.SystemInit)
    TIMER0_IRQHandler                        0x00001f41   Thumb Code    38  ledcontrol.o(i.TIMER0_IRQHandler)
    TIM_ClearIntPending                      0x00001f6d   Thumb Code    76  lpc17xx_timer.o(i.TIM_ClearIntPending)
    TIM_GetIntStatus                         0x00001fed   Thumb Code    86  lpc17xx_timer.o(i.TIM_GetIntStatus)
    UART1_IRQHandler                         0x00002079   Thumb Code    42  apprs485.o(i.UART1_IRQHandler)
    UART2_IRQHandler                         0x000020a9   Thumb Code   124  appserialcom.o(i.UART2_IRQHandler)
    UARTGetChar                              0x00002131   Thumb Code    24  debug_frmwrk.o(i.UARTGetChar)
    UARTPutChar                              0x00002149   Thumb Code    14  debug_frmwrk.o(i.UARTPutChar)
    UARTPutDec                               0x00002157   Thumb Code    70  debug_frmwrk.o(i.UARTPutDec)
    UARTPutDec16                             0x0000219d   Thumb Code   124  debug_frmwrk.o(i.UARTPutDec16)
    UARTPutDec32                             0x00002219   Thumb Code   258  debug_frmwrk.o(i.UARTPutDec32)
    UARTPutHex                               0x00002331   Thumb Code    54  debug_frmwrk.o(i.UARTPutHex)
    UARTPutHex16                             0x0000236d   Thumb Code    54  debug_frmwrk.o(i.UARTPutHex16)
    UARTPutHex32                             0x000023a9   Thumb Code    54  debug_frmwrk.o(i.UARTPutHex32)
    UARTPuts                                 0x000023e5   Thumb Code    24  debug_frmwrk.o(i.UARTPuts)
    UARTPuts_                                0x000023fd   Thumb Code    20  debug_frmwrk.o(i.UARTPuts_)
    UART_ConfigStructInit                    0x00002415   Thumb Code    18  lpc17xx_uart.o(i.UART_ConfigStructInit)
    UART_FIFOConfig                          0x00002429   Thumb Code   184  lpc17xx_uart.o(i.UART_FIFOConfig)
    UART_FIFOConfigStructInit                0x00002519   Thumb Code    14  lpc17xx_uart.o(i.UART_FIFOConfigStructInit)
    UART_GetIntId                            0x00002529   Thumb Code    48  lpc17xx_uart.o(i.UART_GetIntId)
    UART_GetLineStatus                       0x00002591   Thumb Code    46  lpc17xx_uart.o(i.UART_GetLineStatus)
    UART_Init                                0x000025f9   Thumb Code   396  lpc17xx_uart.o(i.UART_Init)
    UART_IntReceive                          0x000027bd   Thumb Code    62  apprs485.o(i.UART_IntReceive)
    UART_Receive                             0x00002805   Thumb Code    90  lpc17xx_uart.o(i.UART_Receive)
    UART_ReceiveByte                         0x00002861   Thumb Code    42  lpc17xx_uart.o(i.UART_ReceiveByte)
    UART_Send                                0x000028c5   Thumb Code   132  lpc17xx_uart.o(i.UART_Send)
    UART_SendByte                            0x00002949   Thumb Code    44  lpc17xx_uart.o(i.UART_SendByte)
    UART_TxCmd                               0x000029ad   Thumb Code    76  lpc17xx_uart.o(i.UART_TxCmd)
    __0vsprintf                              0x00002a31   Thumb Code    28  printfa.o(i.__0vsprintf)
    __1vsprintf                              0x00002a31   Thumb Code     0  printfa.o(i.__0vsprintf)
    __2vsprintf                              0x00002a31   Thumb Code     0  printfa.o(i.__0vsprintf)
    __c89vsprintf                            0x00002a31   Thumb Code     0  printfa.o(i.__0vsprintf)
    vsprintf                                 0x00002a31   Thumb Code     0  printfa.o(i.__0vsprintf)
    __scatterload_copy                       0x00002a51   Thumb Code    14  handlers.o(i.__scatterload_copy)
    __scatterload_null                       0x00002a5f   Thumb Code     2  handlers.o(i.__scatterload_null)
    __scatterload_zeroinit                   0x00002a61   Thumb Code    14  handlers.o(i.__scatterload_zeroinit)
    c_entry                                  0x0000332d   Thumb Code    26  main.o(i.c_entry)
    check_failed                             0x00003351   Thumb Code     2  appdebug.o(i.check_failed)
    clock_init                               0x00003355   Thumb Code    58  clock-arch.o(i.clock_init)
    debug_frmwrk_init                        0x0000339d   Thumb Code   120  debug_frmwrk.o(i.debug_frmwrk_init)
    key_init                                 0x00003445   Thumb Code    12  ledcontrol.o(i.key_init)
    main                                     0x00003455   Thumb Code     4  main.o(i.main)
    my_printf                                0x00003459   Thumb Code    30  debug_frmwrk.o(i.my_printf)
    setCtrl                                  0x00003485   Thumb Code    12  apprs485.o(i.setCtrl)
    led_mask                                 0x000035e4   Data          32  appserialcom.o(.constdata)
    OSUnMapTbl                               0x00003604   Data         256  os_core.o(.constdata)
    Region$$Table$$Base                      0x00003704   Number         0  anon$$obj.o(Region$$Table)
    Region$$Table$$Limit                     0x00003734   Number         0  anon$$obj.o(Region$$Table)
    semNetCommand                            0x10000000   Data           4  main.o(.data)
    semNetBuf                                0x10000004   Data           4  main.o(.data)
    semServerDataOut                         0x10000008   Data           4  main.o(.data)
    semClientDataOut                         0x1000000c   Data           4  main.o(.data)
    mBoxServerDataLen                        0x10000010   Data           4  main.o(.data)
    mBoxClientDataLen                        0x10000014   Data           4  main.o(.data)
    mBoxKeyCode                              0x10000018   Data           4  main.o(.data)
    semNetInited                             0x1000001c   Data           4  main.o(.data)
    cnt                                      0x10000024   Data           4  ledcontrol.o(.data)
    i                                        0x10000028   Data           4  ledcontrol.o(.data)
    j                                        0x1000002c   Data           4  ledcontrol.o(.data)
    t                                        0x10000030   Data           4  ledcontrol.o(.data)
    m                                        0x10000034   Data           4  ledcontrol.o(.data)
    TIM_ConfigStruct                         0x1000003c   Data           8  ledcontrol.o(.data)
    SystemCoreClock                          0x1000004c   Data           4  system_lpc17xx.o(.data)
    OSCPUUsage                               0x10000054   Data           1  os_core.o(.data)
    OSStatRdy                                0x10000055   Data           1  os_core.o(.data)
    OSIntNesting                             0x10000056   Data           1  os_core.o(.data)
    OSLockNesting                            0x10000057   Data           1  os_core.o(.data)
    OSPrioCur                                0x10000058   Data           1  os_core.o(.data)
    OSPrioHighRdy                            0x10000059   Data           1  os_core.o(.data)
    OSRdyGrp                                 0x1000005a   Data           1  os_core.o(.data)
    OSRunning                                0x1000005b   Data           1  os_core.o(.data)
    OSTaskCtr                                0x1000005c   Data           1  os_core.o(.data)
    OSTickStepState                          0x1000005d   Data           1  os_core.o(.data)
    OSCtxSwCtr                               0x10000060   Data           4  os_core.o(.data)
    OSEventFreeList                          0x10000064   Data           4  os_core.o(.data)
    OSIdleCtrMax                             0x10000068   Data           4  os_core.o(.data)
    OSIdleCtrRun                             0x1000006c   Data           4  os_core.o(.data)
    OSIdleCtr                                0x10000070   Data           4  os_core.o(.data)
    OSTCBCur                                 0x10000074   Data           4  os_core.o(.data)
    OSTCBFreeList                            0x10000078   Data           4  os_core.o(.data)
    OSTCBHighRdy                             0x1000007c   Data           4  os_core.o(.data)
    OSTCBList                                0x10000080   Data           4  os_core.o(.data)
    OSTime                                   0x10000084   Data           4  os_core.o(.data)
    OSRdyTbl                                 0x10000088   Data           8  os_core.o(.data)
    OSFlagFreeList                           0x10000090   Data           4  os_core.o(.data)
    OSMemFreeList                            0x10000094   Data           4  os_core.o(.data)
    OSQFreeList                              0x10000098   Data           4  os_core.o(.data)
    OSTmrFree                                0x1000009c   Data           2  os_core.o(.data)
    OSTmrUsed                                0x1000009e   Data           2  os_core.o(.data)
    OSTmrTime                                0x100000a0   Data           4  os_core.o(.data)
    OSTmrSem                                 0x100000a4   Data           4  os_core.o(.data)
    OSTmrSemSignal                           0x100000a8   Data           4  os_core.o(.data)
    OSTmrFreeList                            0x100000ac   Data           4  os_core.o(.data)
    Ticks                                    0x100000b0   Data           4  clock-arch.o(.data)
    _db_msg                                  0x100000b4   Data           4  debug_frmwrk.o(.data)
    _db_msg_                                 0x100000b8   Data           4  debug_frmwrk.o(.data)
    _db_char                                 0x100000bc   Data           4  debug_frmwrk.o(.data)
    _db_dec                                  0x100000c0   Data           4  debug_frmwrk.o(.data)
    _db_dec_16                               0x100000c4   Data           4  debug_frmwrk.o(.data)
    _db_dec_32                               0x100000c8   Data           4  debug_frmwrk.o(.data)
    _db_hex                                  0x100000cc   Data           4  debug_frmwrk.o(.data)
    _db_hex_16                               0x100000d0   Data           4  debug_frmwrk.o(.data)
    _db_hex_32                               0x100000d4   Data           4  debug_frmwrk.o(.data)
    _db_get_char                             0x100000d8   Data           4  debug_frmwrk.o(.data)
    OSEventTbl                               0x10000140   Data         480  os_core.o(.bss)
    OSTaskStatStk                            0x10000320   Data         256  os_core.o(.bss)
    OSTaskIdleStk                            0x10000420   Data         128  os_core.o(.bss)
    OSTCBPrioTbl                             0x100004a0   Data         256  os_core.o(.bss)
    OSTCBTbl                                 0x100005a0   Data        1936  os_core.o(.bss)
    OSFlagTbl                                0x10000d30   Data          80  os_core.o(.bss)
    OSMemTbl                                 0x10000d80   Data         120  os_core.o(.bss)
    OSQTbl                                   0x10000df8   Data          96  os_core.o(.bss)
    OSTmrTbl                                 0x10000e58   Data         640  os_core.o(.bss)
    OSTmrTaskStk                             0x100010d8   Data         256  os_core.o(.bss)
    OSTmrWheelTbl                            0x100011d8   Data          64  os_core.o(.bss)
    __initial_sp                             0x10001620   Data           0  startup_lpc17xx.o(STACK)



==============================================================================

Memory Map of the image

  Image Entry point : 0x000000cd

  Load Region LR_IROM1 (Base: 0x00000000, Size: 0x00003810, Max: 0x00080000, ABSOLUTE)

    Execution Region ER_IROM1 (Base: 0x00000000, Size: 0x00003734, Max: 0x00080000, ABSOLUTE)

    Base Addr    Size         Type   Attr      Idx    E Section Name        Object

    0x00000000   0x000000cc   Data   RO         1881    RESET               startup_lpc17xx.o
    0x000000cc   0x00000000   Code   RO         4553  * .ARM.Collect$$$$00000000  mc_w.l(entry.o)
    0x000000cc   0x00000004   Code   RO         4851    .ARM.Collect$$$$00000001  mc_w.l(entry2.o)
    0x000000d0   0x00000004   Code   RO         4854    .ARM.Collect$$$$00000004  mc_w.l(entry5.o)
    0x000000d4   0x00000000   Code   RO         4856    .ARM.Collect$$$$00000008  mc_w.l(entry7b.o)
    0x000000d4   0x00000008   Code   RO         4857    .ARM.Collect$$$$00000009  mc_w.l(entry8.o)
    0x000000dc   0x00000004   Code   RO         4852    .ARM.Collect$$$$00002712  mc_w.l(entry2.o)
    0x000000e0   0x00000024   Code   RO         1882    .text               startup_lpc17xx.o
    0x00000104   0x00000062   Code   RO         4556    .text               mc_w.l(uldiv.o)
    0x00000166   0x0000014c   Code   RO         4829    .text               mf_w.l(dadd.o)
    0x000002b2   0x0000002c   Code   RO         4861    .text               mc_w.l(uidiv.o)
    0x000002de   0x0000001e   Code   RO         4863    .text               mc_w.l(llshl.o)
    0x000002fc   0x00000020   Code   RO         4865    .text               mc_w.l(llushr.o)
    0x0000031c   0x00000024   Code   RO         4867    .text               mc_w.l(llsshr.o)
    0x00000340   0x00000000   Code   RO         4869    .text               mc_w.l(iusefp.o)
    0x00000340   0x000000be   Code   RO         4872    .text               mf_w.l(depilogue.o)
    0x000003fe   0x000000e0   Code   RO         4874    .text               mf_w.l(dmul.o)
    0x000004de   0x000000de   Code   RO         4876    .text               mf_w.l(ddiv.o)
    0x000005bc   0x00000030   Code   RO         4878    .text               mf_w.l(dfixul.o)
    0x000005ec   0x00000028   Code   RO         4880    .text               mf_w.l(cdrcmple.o)
    0x00000614   0x00000024   Code   RO         4882    .text               mc_w.l(init.o)
    0x00000638   0x000000a0   Code   RO         1886    OSKernelschedular   os_cpu_a.o
    0x000006d8   0x00000070   Code   RO         1778    i.AnalyseData       apprs485.o
    0x00000748   0x00000170   Code   RO            2    i.AppTaskStart      main.o
    0x000008b8   0x00000002   Code   RO         2767    i.App_TCBInitHook   os_apphooks.o
    0x000008ba   0x00000002   Code   RO         2768    i.App_TaskCreateHook  os_apphooks.o
    0x000008bc   0x00000002   Code   RO         2769    i.App_TaskDelHook   os_apphooks.o
    0x000008be   0x00000002   Code   RO         2770    i.App_TaskIdleHook  os_apphooks.o
    0x000008c0   0x00000002   Code   RO         2772    i.App_TaskStatHook  os_apphooks.o
    0x000008c2   0x00000002   Code   RO         2774    i.App_TimeTickHook  os_apphooks.o
    0x000008c4   0x0000000a   Code   RO         1637    i.BeepInit          beep.o
    0x000008ce   0x00000002   PAD
    0x000008d0   0x00000030   Code   RO         1639    i.BeepOff           beep.o
    0x00000900   0x0000002c   Code   RO         3410    i.CLKPWR_ConfigPPWR  lpc17xx_clkpwr.o
    0x0000092c   0x0000002c   Code   RO         3413    i.CLKPWR_GetPCLK    lpc17xx_clkpwr.o
    0x00000958   0x00000020   Code   RO         3414    i.CLKPWR_GetPCLKSEL  lpc17xx_clkpwr.o
    0x00000978   0x00000010   Code   RO         3634    i.GPIO_ClearValue   lpc17xx_gpio.o
    0x00000988   0x00000034   Code   RO         3636    i.GPIO_GetPointer   lpc17xx_gpio.o
    0x000009bc   0x0000000e   Code   RO         3638    i.GPIO_ReadValue    lpc17xx_gpio.o
    0x000009ca   0x0000001c   Code   RO         3639    i.GPIO_SetDir       lpc17xx_gpio.o
    0x000009e6   0x00000002   PAD
    0x000009e8   0x00000044   Code   RO         1685    i.InitRelay         relay.o
    0x00000a2c   0x00000018   Code   RO          282    i.LED_On            appserialcom.o
    0x00000a44   0x00000002   Code   RO         1976    i.OSDebugInit       os_dbg.o
    0x00000a46   0x00000002   PAD
    0x00000a48   0x0000004c   Code   RO         1993    i.OSEventNameSet    os_core.o
    0x00000a94   0x000000e8   Code   RO         1995    i.OSInit            os_core.o
    0x00000b7c   0x0000000c   Code   RO         1889    i.OSInitHookBegin   os_cpu_c.o
    0x00000b88   0x00000002   Code   RO         1890    i.OSInitHookEnd     os_cpu_c.o
    0x00000b8a   0x00000002   PAD
    0x00000b8c   0x00000018   Code   RO         1996    i.OSIntEnter        os_core.o
    0x00000ba4   0x0000005c   Code   RO         1997    i.OSIntExit         os_core.o
    0x00000c00   0x0000004c   Code   RO         2280    i.OSMboxCreate      os_mbox.o
    0x00000c4c   0x0000002c   Code   RO         1998    i.OSSchedLock       os_core.o
    0x00000c78   0x0000003c   Code   RO         1999    i.OSSchedUnlock     os_core.o
    0x00000cb4   0x0000004c   Code   RO         2501    i.OSSemCreate       os_sem.o
    0x00000d00   0x000000c0   Code   RO         2503    i.OSSemPend         os_sem.o
    0x00000dc0   0x00000058   Code   RO         2505    i.OSSemPost         os_sem.o
    0x00000e18   0x00000030   Code   RO         2000    i.OSStart           os_core.o
    0x00000e48   0x00000004   Code   RO         1891    i.OSTCBInitHook     os_cpu_c.o
    0x00000e4c   0x00000090   Code   RO         2555    i.OSTaskCreate      os_task.o
    0x00000edc   0x000000a4   Code   RO         2556    i.OSTaskCreateExt   os_task.o
    0x00000f80   0x00000004   Code   RO         1892    i.OSTaskCreateHook  os_cpu_c.o
    0x00000f84   0x00000150   Code   RO         2557    i.OSTaskDel         os_task.o
    0x000010d4   0x00000004   Code   RO         1893    i.OSTaskDelHook     os_cpu_c.o
    0x000010d8   0x00000004   Code   RO         1894    i.OSTaskIdleHook    os_cpu_c.o
    0x000010dc   0x0000006c   Code   RO         2560    i.OSTaskNameSet     os_task.o
    0x00001148   0x00000002   Code   RO         2775    i.OSTaskReturnHook  os_apphooks.o
    0x0000114a   0x00000004   Code   RO         1895    i.OSTaskStatHook    os_cpu_c.o
    0x0000114e   0x00000002   PAD
    0x00001150   0x00000088   Code   RO         2565    i.OSTaskStkChk      os_task.o
    0x000011d8   0x00000068   Code   RO         1896    i.OSTaskStkInit     os_cpu_c.o
    0x00001240   0x000000b0   Code   RO         2566    i.OSTaskSuspend     os_task.o
    0x000012f0   0x0000006c   Code   RO         2650    i.OSTimeDly         os_time.o
    0x0000135c   0x00000018   Code   RO         2653    i.OSTimeGet         os_time.o
    0x00001374   0x000000ac   Code   RO         2002    i.OSTimeTick        os_core.o
    0x00001420   0x00000028   Code   RO         1898    i.OSTimeTickHook    os_cpu_c.o
    0x00001448   0x0000000c   Code   RO         2690    i.OSTmrSignal       os_tmr.o
    0x00001454   0x00000128   Code   RO         2695    i.OSTmr_Init        os_tmr.o
    0x0000157c   0x00000048   Code   RO         2696    i.OSTmr_Link        os_tmr.o
    0x000015c4   0x00000078   Code   RO         2697    i.OSTmr_Task        os_tmr.o
    0x0000163c   0x00000040   Code   RO         2698    i.OSTmr_Unlink      os_tmr.o
    0x0000167c   0x00000002   Code   RO         2004    i.OS_Dummy          os_core.o
    0x0000167e   0x00000002   PAD
    0x00001680   0x00000078   Code   RO         2005    i.OS_EventTaskRdy   os_core.o
    0x000016f8   0x00000024   Code   RO         2006    i.OS_EventTaskRemove  os_core.o
    0x0000171c   0x00000030   Code   RO         2007    i.OS_EventTaskRemoveMulti  os_core.o
    0x0000174c   0x00000054   Code   RO         2008    i.OS_EventTaskWait  os_core.o
    0x000017a0   0x00000014   Code   RO         2010    i.OS_EventWaitListInit  os_core.o
    0x000017b4   0x0000004c   Code   RO         2207    i.OS_FlagInit       os_flag.o
    0x00001800   0x00000020   Code   RO         2209    i.OS_FlagUnlink     os_flag.o
    0x00001820   0x00000058   Code   RO         2011    i.OS_InitEventList  os_core.o
    0x00001878   0x00000070   Code   RO         2012    i.OS_InitTCBList    os_core.o
    0x000018e8   0x00000012   Code   RO         2013    i.OS_MemClr         os_core.o
    0x000018fa   0x00000002   PAD
    0x000018fc   0x0000004c   Code   RO         2339    i.OS_MemInit        os_mem.o
    0x00001948   0x00000040   Code   RO         2438    i.OS_QInit          os_q.o
    0x00001988   0x00000048   Code   RO         2015    i.OS_Sched          os_core.o
    0x000019d0   0x00000020   Code   RO         2016    i.OS_SchedNew       os_core.o
    0x000019f0   0x000000f8   Code   RO         2018    i.OS_TCBInit        os_core.o
    0x00001ae8   0x0000001c   Code   RO         2019    i.OS_TaskIdle       os_core.o
    0x00001b04   0x00000018   Code   RO         2567    i.OS_TaskReturn     os_task.o
    0x00001b1c   0x00000058   Code   RO         2020    i.OS_TaskStat       os_core.o
    0x00001b74   0x00000038   Code   RO         2021    i.OS_TaskStatStkChk  os_core.o
    0x00001bac   0x00000016   Code   RO         2568    i.OS_TaskStkClr     os_task.o
    0x00001bc2   0x00000002   PAD
    0x00001bc4   0x0000007c   Code   RO         3784    i.PINSEL_ConfigPin  lpc17xx_pinsel.o
    0x00001c40   0x0000000c   Code   RO          741    i.RTCInit           rtctime.o
    0x00001c4c   0x0000001c   Code   RO          744    i.RTCStart          rtctime.o
    0x00001c68   0x00000060   Code   RO         3816    i.RTC_Cmd           lpc17xx_rtc.o
    0x00001cc8   0x00000058   Code   RO         3824    i.RTC_Init          lpc17xx_rtc.o
    0x00001d20   0x00000050   Code   RO         3826    i.RTC_ResetClockTickCounter  lpc17xx_rtc.o
    0x00001d70   0x00000088   Code   RO         1779    i.Rs485Init         apprs485.o
    0x00001df8   0x00000034   Code   RO         1449    i.SmokeAlarm        appsensor.o
    0x00001e2c   0x0000002a   Code   RO         1450    i.SwitchAlarm       appsensor.o
    0x00001e56   0x00000002   PAD
    0x00001e58   0x00000024   Code   RO         1900    i.SysTick_Handler   os_cpu_c.o
    0x00001e7c   0x000000c4   Code   RO         1853    i.SystemInit        system_lpc17xx.o
    0x00001f40   0x0000002c   Code   RO         1180    i.TIMER0_IRQHandler  ledcontrol.o
    0x00001f6c   0x00000080   Code   RO         3992    i.TIM_ClearIntPending  lpc17xx_timer.o
    0x00001fec   0x0000008c   Code   RO         4000    i.TIM_GetIntStatus  lpc17xx_timer.o
    0x00002078   0x00000030   Code   RO         1781    i.UART1_IRQHandler  apprs485.o
    0x000020a8   0x00000088   Code   RO          284    i.UART2_IRQHandler  appserialcom.o
    0x00002130   0x00000018   Code   RO         3312    i.UARTGetChar       debug_frmwrk.o
    0x00002148   0x0000000e   Code   RO         3313    i.UARTPutChar       debug_frmwrk.o
    0x00002156   0x00000046   Code   RO         3314    i.UARTPutDec        debug_frmwrk.o
    0x0000219c   0x0000007c   Code   RO         3315    i.UARTPutDec16      debug_frmwrk.o
    0x00002218   0x00000118   Code   RO         3316    i.UARTPutDec32      debug_frmwrk.o
    0x00002330   0x0000003c   Code   RO         3317    i.UARTPutHex        debug_frmwrk.o
    0x0000236c   0x0000003c   Code   RO         3318    i.UARTPutHex16      debug_frmwrk.o
    0x000023a8   0x0000003c   Code   RO         3319    i.UARTPutHex32      debug_frmwrk.o
    0x000023e4   0x00000018   Code   RO         3320    i.UARTPuts          debug_frmwrk.o
    0x000023fc   0x00000018   Code   RO         3321    i.UARTPuts_         debug_frmwrk.o
    0x00002414   0x00000012   Code   RO         4082    i.UART_ConfigStructInit  lpc17xx_uart.o
    0x00002426   0x00000002   PAD
    0x00002428   0x000000f0   Code   RO         4084    i.UART_FIFOConfig   lpc17xx_uart.o
    0x00002518   0x0000000e   Code   RO         4085    i.UART_FIFOConfigStructInit  lpc17xx_uart.o
    0x00002526   0x00000002   PAD
    0x00002528   0x00000068   Code   RO         4090    i.UART_GetIntId     lpc17xx_uart.o
    0x00002590   0x00000068   Code   RO         4091    i.UART_GetLineStatus  lpc17xx_uart.o
    0x000025f8   0x000001c4   Code   RO         4092    i.UART_Init         lpc17xx_uart.o
    0x000027bc   0x00000048   Code   RO         1783    i.UART_IntReceive   apprs485.o
    0x00002804   0x0000005a   Code   RO         4102    i.UART_Receive      lpc17xx_uart.o
    0x0000285e   0x00000002   PAD
    0x00002860   0x00000064   Code   RO         4103    i.UART_ReceiveByte  lpc17xx_uart.o
    0x000028c4   0x00000084   Code   RO         4104    i.UART_Send         lpc17xx_uart.o
    0x00002948   0x00000064   Code   RO         4105    i.UART_SendByte     lpc17xx_uart.o
    0x000029ac   0x00000084   Code   RO         4106    i.UART_TxCmd        lpc17xx_uart.o
    0x00002a30   0x00000020   Code   RO         4803    i.__0vsprintf       mc_w.l(printfa.o)
    0x00002a50   0x0000000e   Code   RO         4888    i.__scatterload_copy  mc_w.l(handlers.o)
    0x00002a5e   0x00000002   Code   RO         4889    i.__scatterload_null  mc_w.l(handlers.o)
    0x00002a60   0x0000000e   Code   RO         4890    i.__scatterload_zeroinit  mc_w.l(handlers.o)
    0x00002a6e   0x00000002   PAD
    0x00002a70   0x00000158   Code   RO         4804    i._fp_digits        mc_w.l(printfa.o)
    0x00002bc8   0x00000704   Code   RO         4805    i._printf_core      mc_w.l(printfa.o)
    0x000032cc   0x00000026   Code   RO         4806    i._printf_post_padding  mc_w.l(printfa.o)
    0x000032f2   0x00000030   Code   RO         4807    i._printf_pre_padding  mc_w.l(printfa.o)
    0x00003322   0x0000000a   Code   RO         4809    i._sputc            mc_w.l(printfa.o)
    0x0000332c   0x00000024   Code   RO            3    i.c_entry           main.o
    0x00003350   0x00000002   Code   RO          254    i.check_failed      appdebug.o
    0x00003352   0x00000002   PAD
    0x00003354   0x00000048   Code   RO         2831    i.clock_init        clock-arch.o
    0x0000339c   0x000000a8   Code   RO         3322    i.debug_frmwrk_init  debug_frmwrk.o
    0x00003444   0x00000010   Code   RO         1191    i.key_init          ledcontrol.o
    0x00003454   0x00000004   Code   RO            4    i.main              main.o
    0x00003458   0x0000002c   Code   RO         3323    i.my_printf         debug_frmwrk.o
    0x00003484   0x00000010   Code   RO         1787    i.setCtrl           apprs485.o
    0x00003494   0x00000150   Code   RO         4107    i.uart_set_divisors  lpc17xx_uart.o
    0x000035e4   0x00000020   Data   RO          287    .constdata          appserialcom.o
    0x00003604   0x00000100   Data   RO         2029    .constdata          os_core.o
    0x00003704   0x00000030   Data   RO         4886    Region$$Table       anon$$obj.o


    Execution Region RW_IRAM1 (Base: 0x10000000, Size: 0x00001620, Max: 0x00007fa0, ABSOLUTE)

    Base Addr    Size         Type   Attr      Idx    E Section Name        Object

    0x10000000   0x00000020   Data   RW           11    .data               main.o
    0x10000020   0x00000001   Data   RW          288    .data               appserialcom.o
    0x10000021   0x00000003   PAD
    0x10000024   0x00000020   Data   RW         1197    .data               ledcontrol.o
    0x10000044   0x00000006   Data   RW         1788    .data               apprs485.o
    0x1000004a   0x00000002   PAD
    0x1000004c   0x00000004   Data   RW         1854    .data               system_lpc17xx.o
    0x10000050   0x00000002   Data   RW         1901    .data               os_cpu_c.o
    0x10000052   0x00000002   PAD
    0x10000054   0x0000003c   Data   RW         2030    .data               os_core.o
    0x10000090   0x00000004   Data   RW         2031    .data               os_core.o
    0x10000094   0x00000004   Data   RW         2032    .data               os_core.o
    0x10000098   0x00000004   Data   RW         2033    .data               os_core.o
    0x1000009c   0x00000002   Data   RW         2034    .data               os_core.o
    0x1000009e   0x00000002   Data   RW         2035    .data               os_core.o
    0x100000a0   0x00000004   Data   RW         2036    .data               os_core.o
    0x100000a4   0x00000004   Data   RW         2037    .data               os_core.o
    0x100000a8   0x00000004   Data   RW         2038    .data               os_core.o
    0x100000ac   0x00000004   Data   RW         2039    .data               os_core.o
    0x100000b0   0x00000004   Data   RW         2833    .data               clock-arch.o
    0x100000b4   0x00000028   Data   RW         3325    .data               debug_frmwrk.o
    0x100000dc   0x00000064   Zero   RW          286    .bss                appserialcom.o
    0x10000140   0x00000bf0   Zero   RW         2022    .bss                os_core.o
    0x10000d30   0x00000050   Zero   RW         2023    .bss                os_core.o
    0x10000d80   0x00000078   Zero   RW         2024    .bss                os_core.o
    0x10000df8   0x00000060   Zero   RW         2025    .bss                os_core.o
    0x10000e58   0x00000280   Zero   RW         2026    .bss                os_core.o
    0x100010d8   0x00000100   Zero   RW         2027    .bss                os_core.o
    0x100011d8   0x00000040   Zero   RW         2028    .bss                os_core.o
    0x10001218   0x00000201   Zero   RW         3324    .bss                debug_frmwrk.o
    0x10001419   0x00000007   PAD
    0x10001420   0x00000200   Zero   RW         1879    STACK               startup_lpc17xx.o


    Execution Region RW_IRAM2 (Base: 0x2007c000, Size: 0x000029a0, Max: 0x00008000, ABSOLUTE)

    Base Addr    Size         Type   Attr      Idx    E Section Name        Object

    0x2007c000   0x000029a0   Zero   RW            9    .bss                main.o


==============================================================================

Image component sizes


      Code (inc. data)   RO Data    RW Data    ZI Data      Debug   Object Name

         2          0          0          0          0        679   appdebug.o
       384         86          0          6          0       3170   apprs485.o
        94          0          0          0          0       1141   appsensor.o
       160         20         32          1        100       2515   appserialcom.o
        58         22          0          0          0        789   beep.o
        72         14          0          4          0      18704   clock-arch.o
       952        106          0         40        513       9132   debug_frmwrk.o
         0          0          0          0          0       8940   emac.o
        60         10          0         32          0       1379   ledcontrol.o
       120         22          0          0          0       2073   lpc17xx_clkpwr.o
       110         12          0          0          0       3009   lpc17xx_gpio.o
       124          6          0          0          0       1815   lpc17xx_pinsel.o
       264        134          0          0          0       2009   lpc17xx_rtc.o
       268        106          0          0          0       1925   lpc17xx_timer.o
      1822        412          0          0          0       9074   lpc17xx_uart.o
       408        138          0         32      10656      67783   main.o
        14          0          0          0          0       2981   os_apphooks.o
      1800        192        256         92       4312      23263   os_core.o
       160         28          0          0          0        360   os_cpu_a.o
       214         22          0          2          0      15645   os_cpu_c.o
         2          0          0          0          0        482   os_dbg.o
       108         14          0          0          0       1570   os_flag.o
        76         14          0          0          0        687   os_mbox.o
        76         12          0          0          0        537   os_mem.o
        64          8          0          0          0        587   os_q.o
       356         26          0          0          0       2482   os_sem.o
      1110        112          0          0          0       7012   os_task.o
       132         26          0          0          0       1172   os_time.o
       564        134          0          0          0       3567   os_tmr.o
        68         12          0          0          0        436   relay.o
        40         12          0          0          0        801   rtctime.o
        36          8        204          0        512        868   startup_lpc17xx.o
       196         12          0          4          0        923   system_lpc17xx.o

    ----------------------------------------------------------------------
      9940       1720        540        220      16100     197510   Object Totals
         0          0         48          0          0          0   (incl. Generated)
        26          0          0          7          7          0   (incl. Padding)

    ----------------------------------------------------------------------

      Code (inc. data)   RO Data    RW Data    ZI Data      Debug   Library Member Name

         0          0          0          0          0          0   entry.o
         8          4          0          0          0          0   entry2.o
         4          0          0          0          0          0   entry5.o
         0          0          0          0          0          0   entry7b.o
         8          4          0          0          0          0   entry8.o
        30          0          0          0          0          0   handlers.o
        36          8          0          0          0         68   init.o
         0          0          0          0          0          0   iusefp.o
        30          0          0          0          0         68   llshl.o
        36          0          0          0          0         68   llsshr.o
        32          0          0          0          0         68   llushr.o
      2268         82          0          0          0        508   printfa.o
        44          0          0          0          0         80   uidiv.o
        98          0          0          0          0         92   uldiv.o
        40          2          0          0          0         68   cdrcmple.o
       332          0          0          0          0        148   dadd.o
       222          0          0          0          0        100   ddiv.o
       190          0          0          0          0        176   depilogue.o
        48          0          0          0          0         68   dfixul.o
       224          0          0          0          0         96   dmul.o

    ----------------------------------------------------------------------
      3652        100          0          0          0       1608   Library Totals
         2          0          0          0          0          0   (incl. Padding)

    ----------------------------------------------------------------------

      Code (inc. data)   RO Data    RW Data    ZI Data      Debug   Library Name

      2594         98          0          0          0        952   mc_w.l
      1056          2          0          0          0        656   mf_w.l

    ----------------------------------------------------------------------
      3652        100          0          0          0       1608   Library Totals

    ----------------------------------------------------------------------

==============================================================================


      Code (inc. data)   RO Data    RW Data    ZI Data      Debug   

     13592       1820        540        220      16100     192098   Grand Totals
     13592       1820        540        220      16100     192098   ELF Image Totals
     13592       1820        540        220          0          0   ROM Totals

==============================================================================

    Total RO  Size (Code + RO Data)                14132 (  13.80kB)
    Total RW  Size (RW Data + ZI Data)             16320 (  15.94kB)
    Total ROM Size (Code + RO Data + RW Data)      14352 (  14.02kB)

==============================================================================

